Microchip Technology Inc, v1.70 (A)

Tool Name:
  c:\program files\microchip\xc16\v1.70\bin\bin\..\bin/coff-ld.exe

Command:
  -p33FJ256GP710 \
  -o \
  SOTA.cof \
  -Lc:/program files/microchip/xc16/v1.70/bin/bin/.. \
  -Lc:/program files/microchip/xc16/v1.70/bin/bin/../../lib \
  -Lc:/program files/microchip/xc16/v1.70/bin/bin/../../support/PIC24E/gld \
  -Lc:/program files/microchip/xc16/v1.70/bin/bin/../../support/PIC24F/gld \
  -Lc:/program files/microchip/xc16/v1.70/bin/bin/../../support/PIC24H/gld \
  -Lc:/program files/microchip/xc16/v1.70/bin/bin/../../support/dsPIC30F/gld \
  -Lc:/program files/microchip/xc16/v1.70/bin/bin/../../support/dsPIC33C/gld \
  -Lc:/program files/microchip/xc16/v1.70/bin/bin/../../support/dsPIC33E/gld \
  -Lc:/program files/microchip/xc16/v1.70/bin/bin/../../support/dsPIC33F/gld \
  Objects-SOTA\adc.o \
  Objects-SOTA\advolts.o \
  Objects-SOTA\i2c1.o \
  Objects-SOTA\pid.o \
  Objects-SOTA\pwm.o \
  Objects-SOTA\timer1.o \
  Objects-SOTA\timer23.o \
  Objects-SOTA\traps.o \
  Objects-SOTA\main.o \
  Objects-SOTA\TASKBlowers.o \
  Objects-SOTA\TASKHeater.o \
  Objects-SOTA\TASKInterfacePhoenix.o \
  Objects-SOTA\TASKSerialPhoenix.o \
  Objects-SOTA\uart1.o \
  -LC:\Program Files\Microchip\MPLAB C30\lib \
  -Tp33FJ256GP710PS-TASK.gld.00 \
  --defsym=__MPLAB_BUILD=1 \
  -Map=SOTA.map \
  --report-mem \
  -start-group \
  --library=lega-pic30-coff \
  --library=m-coff \
  --library=lega-c-coff \
  -end-group \


Optional library libp33FJ256MC710.a not found
Archive member included because of file (symbol)

c:/program files/microchip/xc16/v1.70/bin/bin/../../lib\liblega-pic30-coff.a(crt0_standard.o)
                              (_resetPRI)
c:/program files/microchip/xc16/v1.70/bin/bin/../../lib\liblega-pic30-coff.a(data_init_standard.o)
                              c:/program files/microchip/xc16/v1.70/bin/bin/../../lib\liblega-pic30-coff.a(crt0_standard.o) (_data_init_standard)
c:/program files/microchip/xc16/v1.70/bin/bin/../../lib\libm-coff.a(divsi3.o)
                              Objects-SOTA\advolts.o (__divsi3)
c:/program files/microchip/xc16/v1.70/bin/bin/../../lib\libm-coff.a(udivsi3.o)
                              c:/program files/microchip/xc16/v1.70/bin/bin/../../lib\libm-coff.a(divsi3.o) (__udivsi3)


Selected CodeGuard Options:
  FGS:GWRP:OFF
  FGS:GSS:OFF

CodeGuard FLASH Memory:
  boot    (none)
  secure  (none)
  general 0x200 to 0x2abfe

CodeGuard RAM Memory:
  general 0x800 to 0x87ff
  secure  (none)
  boot    (none)


xc16-ld 1.70 (A)

Default Code Model: Small
Default Data Model: Large
Default Scalar Model: Small

"program" Memory  [Origin = 0x200, Length = 0x2aa00]

section                    address   length (PC units)   length (bytes) (dec)
-------                    -------   -----------------   --------------------
.text                        0x200              0x1326          0x1cb9  (7353)
.isr.text                   0x1526               0x4de           0x74d  (1869)
.dinit                      0x1a04                0xa8            0xfc  (252)
.isr.text                   0x1aac                0x84            0xc6  (198)
.init                       0x1b30                0x7c            0xba  (186)
.isr.text                   0x1bac                0x46            0x69  (105)
.init                       0x1bf2                0x40            0x60  (96)
.isr.text                   0x1c32                 0xe            0x15  (21)
.isr                        0x1c40                 0x4             0x6  (6)

                 Total "program" memory used (bytes):         0x2766  (10086) 3%


"data" Memory  [Origin = 0x800, Length = 0x8000]

section                    address      alignment gaps    total length  (dec)
-------                    -------      --------------    -------------------
.nbss                        0x800                   0            0x9c  (156)
.ndata                       0x89c                   0             0xa  (10)
.nbss                        0x8a6                   0             0xe  (14)
.ndata                       0x8b4                   0             0x6  (6)
.bss                         0x8ba                   0          0x5e88  (24200)
.data                       0x6742                   0            0x34  (52)
.bss                        0x6776                   0            0x30  (48)
.data                       0x67a6                   0             0xa  (10)

                 Total "data" memory used (bytes):         0x5fb0  (24496) 74%


Dynamic Memory Usage

region                     address                      maximum length  (dec)
------                     -------                      ---------------------
heap                             0                                   0  (0)
stack                       0x67b0                              0x2050  (8272)

[...]
Memory Configuration

Name             Origin             Length             Attributes
data             0x000800           0x008000           a !xr
dmadata          0x008800           0x000400  
program          0x000200           0x02aa00           xr
reset            0x000000           0x000004  
ivt              0x000004           0x0000fc  
aivt             0x000104           0x0000fc  
__CONFIG1        0xf80000           0x000002  
__CONFIG2        0xf80002           0x000002  
__FGS            0xf80004           0x000002  
__FOSCSEL        0xf80006           0x000002  
__FOSC           0xf80008           0x000002  
__FWDT           0xf8000a           0x000002  
__FPOR           0xf8000c           0x000002  
__CONFIG3        0xf8000e           0x000002  
__FUID0          0xf80010           0x000002  
__FUID1          0xf80012           0x000002  
__FUID2          0xf80014           0x000002  
__FUID3          0xf80016           0x000002  
*default*        0x000000           0xffffffff  

Linker script and memory map

LOAD Objects-SOTA\adc.o
LOAD Objects-SOTA\advolts.o
LOAD Objects-SOTA\i2c1.o
LOAD Objects-SOTA\pid.o
LOAD Objects-SOTA\pwm.o
LOAD Objects-SOTA\timer1.o
LOAD Objects-SOTA\timer23.o
LOAD Objects-SOTA\traps.o
LOAD Objects-SOTA\main.o
LOAD Objects-SOTA\TASKBlowers.o
LOAD Objects-SOTA\TASKHeater.o
LOAD Objects-SOTA\TASKInterfacePhoenix.o
LOAD Objects-SOTA\TASKSerialPhoenix.o
LOAD Objects-SOTA\uart1.o
LOAD p33FJ256MC710
                    0x0000                  __RESET_BASE = 0x0
                    0x0004                  __IVT_BASE = 0x4
                    0x0104                  __AIVT_BASE = 0x104
                    0x0200                  __CODE_BASE = 0x200
                    0x0000                  __SFR_BASE = 0x0
                    0x0800                  __DATA_BASE = 0x800
                    0x4800                  __YDATA_BASE = 0x4800
                    0x8800                  __DMADATA_BASE = 0x8800

.reset            0x000000          0x4
                  0x000000          0x2 SHORT 0x1bf2 ABSOLUTE (__reset)
                  0x000001          0x2 SHORT 0x4
                  0x000002          0x2 SHORT 0x0 ((ABSOLUTE (__reset) >> 0x10) & 0x7f)
                  0x000003          0x2 SHORT 0x0

.text             0x000200       0x1326
 *(.handle)
 *(.task)
 *(.libc)
 *(.libm)
 .libm            0x000200         0x1e c:/program files/microchip/xc16/v1.70/bin/bin/../../lib\libm-coff.a(divsi3.o)
                  0x000200                  __divsi3
 .libm            0x00021e         0x20 c:/program files/microchip/xc16/v1.70/bin/bin/../../lib\libm-coff.a(udivsi3.o)
                  0x00021e                  __udivsi3
 *(.libdsp)
 *(.lib*)
 *(.text)
 .text            0x00023e         0x46 Objects-SOTA\adc.o
                  0x00023e                  Init_ADC
 .text            0x000284         0xc0 Objects-SOTA\advolts.o
                  0x000284                  rtd_deg_F
                  0x0002f8                  adc_deg_F
 .text            0x000344        0x20e Objects-SOTA\i2c1.o
                  0x000344                  i2c1_init
                  0x00037e                  i2c1_busy
                  0x000390                  i2c1_idlewait
                  0x0003b2                  i2c1_start
                  0x0003bc                  i2c1_restart
                  0x0003c6                  i2c1_stop
                  0x0003d0                  i2c1_write
                  0x0003ee                  i2c1_read
                  0x000410                  ReadIOPort
                  0x000448                  WriteIOPort
                  0x000466                  i2c1_EEWriteArray
 .text            0x000552        0x1e0 Objects-SOTA\pid.o
                  0x000552                  init_pid
                  0x000596                  pid
 .text            0x000732         0xa0 Objects-SOTA\pwm.o
                  0x000732                  pwm_init
                  0x0007b6                  pwm_1
                  0x0007c4                  pwm_2
 .text            0x0007d2         0x34 Objects-SOTA\timer1.o
                  0x0007d2                  Init_Timer1
                  0x0007fa                  SetBotHeaterPWM
 .text            0x000806         0x80 Objects-SOTA\timer23.o
                  0x000806                  GetVoltageRMS
                  0x000828                  EnableRapidBlink
                  0x000836                  Init_Timer2
                  0x000860                  Init_Timer3
 .text            0x000886         0xf6 Objects-SOTA\main.o
                  0x000886                  InitHardware
                  0x0008c2                  main
 .text            0x00097c        0x2e2 Objects-SOTA\TASKBlowers.o
                  0x00097c                  SetTOPair
                  0x0009d2                  SetBOTair
                  0x000a28                  isTopAirOn
                  0x000a30                  isBotAirOn
                  0x000a38                  TASKBlowers
 .text            0x000c5e         0x8e Objects-SOTA\TASKHeater.o
                  0x000c5e                  TASKHeaters
 .text            0x000cec        0x414 Objects-SOTA\TASKInterfacePhoenix.o
                  0x000cec                  InitLSIO
                  0x000d32                  TASKInterfacePhoenix
 .text            0x001100        0x2fc Objects-SOTA\TASKSerialPhoenix.o
                  0x001100                  CopyRxBufferTOCommandStructure
                  0x00112c                  CkSum
                  0x001170                  generateChecksum
                  0x001212                  send_Version
                  0x0012a8                  Send_Response
                  0x001324                  handleCmdPacket
                  0x00137c                  TASKSerialPhoenix
 .text            0x0013fc        0x12a Objects-SOTA\uart1.o
                  0x0013fc                  U1_Init
                  0x00144e                  u1_SendPacket
                  0x00148a                  uart1_ReadyForNextPacket
                  0x0014aa                  initbuffers
                  0x0014c0                  isDownloadDone
                  0x0014f6                  writeBLFS
                  0x001506                  clearBLFS
                  0x00151e                  iswritefwtoEE

usercode
 *(usercode)

__CONFIG1
 *(__CONFIG1.sec)

__CONFIG2
 *(__CONFIG2.sec)

__FGS             0xf80004          0x2
 *(__FGS.sec)
 __FGS.sec        0xf80004          0x2 /CW/_FGS
                  0xf80004                  _FGS.sec

__FOSCSEL         0xf80006          0x2
 *(__FOSCSEL.sec)
 __FOSCSEL.sec    0xf80006          0x2 Objects-SOTA\main.o
                  0xf80006                  _FOSCSEL

__FOSC            0xf80008          0x2
 *(__FOSC.sec)
 __FOSC.sec       0xf80008          0x2 Objects-SOTA\main.o
                  0xf80008                  _FOSC

__FWDT            0xf8000a          0x2
 *(__FWDT.sec)
 __FWDT.sec       0xf8000a          0x2 Objects-SOTA\main.o
                  0xf8000a                  _FWDT

__FPOR
 *(__FPOR.sec)

__CONFIG3         0xf8000e          0x2
 *(__CONFIG3.sec)
 __CONFIG3.sec    0xf8000e          0x2 Objects-SOTA\main.o
                  0xf8000e                  _CONFIG3

__FUID0
 *(__FUID0.sec)

__FUID1
 *(__FUID1.sec)

__FUID2
 *(__FUID2.sec)

__FUID3
 *(__FUID3.sec)

.dmadata
 *(.dmadata)

userdata
 *(userdata)

.comment
 *(.comment)

.debug_info
 *(.debug_info)
 *(.gnu.linkonce.wi.*)

.debug_abbrev
 *(.debug_abbrev)

.debug_line
 *(.debug_line)

.debug_frame
 *(.debug_frame)

.debug_str
 *(.debug_str)

.debug_loc
 *(.debug_loc)

.debug_macinfo
 *(.debug_macinfo)

.debug_pubnames
 *(.debug_pubnames)

.debug_ranges
 *(.debug_ranges)

.debug_aranges
 *(.debug_aranges)

.ivt              0x000004         0xfc
                  0x000004          0x4 LONG 0x1c40 DEFINED (__ReservedTrap0)?ABSOLUTE (__ReservedTrap0):ABSOLUTE (__DefaultInterrupt)
                  0x000006          0x4 LONG 0x1bac DEFINED (__OscillatorFail)?ABSOLUTE (__OscillatorFail):ABSOLUTE (__DefaultInterrupt)
                  0x000008          0x4 LONG 0x1bb2 DEFINED (__AddressError)?ABSOLUTE (__AddressError):ABSOLUTE (__DefaultInterrupt)
                  0x00000a          0x4 LONG 0x1bbc DEFINED (__StackError)?ABSOLUTE (__StackError):ABSOLUTE (__DefaultInterrupt)
                  0x00000c          0x4 LONG 0x1bc2 DEFINED (__MathError)?ABSOLUTE (__MathError):ABSOLUTE (__DefaultInterrupt)
                  0x00000e          0x4 LONG 0x1bca DEFINED (__DMACError)?ABSOLUTE (__DMACError):ABSOLUTE (__DefaultInterrupt)
                  0x000010          0x4 LONG 0x1c40 DEFINED (__ReservedTrap6)?ABSOLUTE (__ReservedTrap6):ABSOLUTE (__DefaultInterrupt)
                  0x000012          0x4 LONG 0x1c40 DEFINED (__ReservedTrap7)?ABSOLUTE (__ReservedTrap7):ABSOLUTE (__DefaultInterrupt)
                  0x000014          0x4 LONG 0x1c40 DEFINED (__INT0Interrupt)?ABSOLUTE (__INT0Interrupt):ABSOLUTE (__DefaultInterrupt)
                  0x000016          0x4 LONG 0x1c40 DEFINED (__IC1Interrupt)?ABSOLUTE (__IC1Interrupt):ABSOLUTE (__DefaultInterrupt)
                  0x000018          0x4 LONG 0x1c40 DEFINED (__OC1Interrupt)?ABSOLUTE (__OC1Interrupt):ABSOLUTE (__DefaultInterrupt)
                  0x00001a          0x4 LONG 0x1526 DEFINED (__T1Interrupt)?ABSOLUTE (__T1Interrupt):ABSOLUTE (__DefaultInterrupt)
                  0x00001c          0x4 LONG 0x1c40 DEFINED (__DMA0Interrupt)?ABSOLUTE (__DMA0Interrupt):ABSOLUTE (__DefaultInterrupt)
                  0x00001e          0x4 LONG 0x1c40 DEFINED (__IC2Interrupt)?ABSOLUTE (__IC2Interrupt):ABSOLUTE (__DefaultInterrupt)
                  0x000020          0x4 LONG 0x1c40 DEFINED (__OC2Interrupt)?ABSOLUTE (__OC2Interrupt):ABSOLUTE (__DefaultInterrupt)
                  0x000022          0x4 LONG 0x1750 DEFINED (__T2Interrupt)?ABSOLUTE (__T2Interrupt):ABSOLUTE (__DefaultInterrupt)
                  0x000024          0x4 LONG 0x17e6 DEFINED (__T3Interrupt)?ABSOLUTE (__T3Interrupt):ABSOLUTE (__DefaultInterrupt)
                  0x000026          0x4 LONG 0x1c40 DEFINED (__SPI1ErrInterrupt)?ABSOLUTE (__SPI1ErrInterrupt):ABSOLUTE (__DefaultInterrupt)
                  0x000028          0x4 LONG 0x1c40 DEFINED (__SPI1Interrupt)?ABSOLUTE (__SPI1Interrupt):ABSOLUTE (__DefaultInterrupt)
                  0x00002a          0x4 LONG 0x18de DEFINED (__U1RXInterrupt)?ABSOLUTE (__U1RXInterrupt):ABSOLUTE (__DefaultInterrupt)
                  0x00002c          0x4 LONG 0x18ac DEFINED (__U1TXInterrupt)?ABSOLUTE (__U1TXInterrupt):ABSOLUTE (__DefaultInterrupt)
                  0x00002e          0x4 LONG 0x1aac DEFINED (__ADC1Interrupt)?ABSOLUTE (__ADC1Interrupt):ABSOLUTE (__DefaultInterrupt)
                  0x000030          0x4 LONG 0x1c40 DEFINED (__DMA1Interrupt)?ABSOLUTE (__DMA1Interrupt):ABSOLUTE (__DefaultInterrupt)
                  0x000032          0x4 LONG 0x1c40 DEFINED (__Interrupt15)?ABSOLUTE (__Interrupt15):ABSOLUTE (__DefaultInterrupt)
                  0x000034          0x4 LONG 0x1c3a DEFINED (__SI2C1Interrupt)?ABSOLUTE (__SI2C1Interrupt):ABSOLUTE (__DefaultInterrupt)
                  0x000036          0x4 LONG 0x1c32 DEFINED (__MI2C1Interrupt)?ABSOLUTE (__MI2C1Interrupt):ABSOLUTE (__DefaultInterrupt)
                  0x000038          0x4 LONG 0x1c40 DEFINED (__Interrupt18)?ABSOLUTE (__Interrupt18):ABSOLUTE (__DefaultInterrupt)
                  0x00003a          0x4 LONG 0x1c40 DEFINED (__CNInterrupt)?ABSOLUTE (__CNInterrupt):ABSOLUTE (__DefaultInterrupt)
                  0x00003c          0x4 LONG 0x1c40 DEFINED (__INT1Interrupt)?ABSOLUTE (__INT1Interrupt):ABSOLUTE (__DefaultInterrupt)
                  0x00003e          0x4 LONG 0x1c40 DEFINED (__ADC2Interrupt)?ABSOLUTE (__ADC2Interrupt):ABSOLUTE (__DefaultInterrupt)
                  0x000040          0x4 LONG 0x1c40 DEFINED (__IC7Interrupt)?ABSOLUTE (__IC7Interrupt):ABSOLUTE (__DefaultInterrupt)
                  0x000042          0x4 LONG 0x1c40 DEFINED (__IC8Interrupt)?ABSOLUTE (__IC8Interrupt):ABSOLUTE (__DefaultInterrupt)
                  0x000044          0x4 LONG 0x1c40 DEFINED (__DMA2Interrupt)?ABSOLUTE (__DMA2Interrupt):ABSOLUTE (__DefaultInterrupt)
                  0x000046          0x4 LONG 0x1c40 DEFINED (__OC3Interrupt)?ABSOLUTE (__OC3Interrupt):ABSOLUTE (__DefaultInterrupt)
                  0x000048          0x4 LONG 0x1c40 DEFINED (__OC4Interrupt)?ABSOLUTE (__OC4Interrupt):ABSOLUTE (__DefaultInterrupt)
                  0x00004a          0x4 LONG 0x1c40 DEFINED (__T4Interrupt)?ABSOLUTE (__T4Interrupt):ABSOLUTE (__DefaultInterrupt)
                  0x00004c          0x4 LONG 0x1c40 DEFINED (__T5Interrupt)?ABSOLUTE (__T5Interrupt):ABSOLUTE (__DefaultInterrupt)
                  0x00004e          0x4 LONG 0x1c40 DEFINED (__INT2Interrupt)?ABSOLUTE (__INT2Interrupt):ABSOLUTE (__DefaultInterrupt)
                  0x000050          0x4 LONG 0x1c40 DEFINED (__U2RXInterrupt)?ABSOLUTE (__U2RXInterrupt):ABSOLUTE (__DefaultInterrupt)
                  0x000052          0x4 LONG 0x1c40 DEFINED (__U2TXInterrupt)?ABSOLUTE (__U2TXInterrupt):ABSOLUTE (__DefaultInterrupt)
                  0x000054          0x4 LONG 0x1c40 DEFINED (__SPI2ErrInterrupt)?ABSOLUTE (__SPI2ErrInterrupt):ABSOLUTE (__DefaultInterrupt)
                  0x000056          0x4 LONG 0x1c40 DEFINED (__SPI2Interrupt)?ABSOLUTE (__SPI2Interrupt):ABSOLUTE (__DefaultInterrupt)
                  0x000058          0x4 LONG 0x1c40 DEFINED (__C1ErrInterrupt)?ABSOLUTE (__C1ErrInterrupt):ABSOLUTE (__DefaultInterrupt)
                  0x00005a          0x4 LONG 0x1c40 DEFINED (__C1Interrupt)?ABSOLUTE (__C1Interrupt):ABSOLUTE (__DefaultInterrupt)
                  0x00005c          0x4 LONG 0x1c40 DEFINED (__DMA3Interrupt)?ABSOLUTE (__DMA3Interrupt):ABSOLUTE (__DefaultInterrupt)
                  0x00005e          0x4 LONG 0x1c40 DEFINED (__IC3Interrupt)?ABSOLUTE (__IC3Interrupt):ABSOLUTE (__DefaultInterrupt)
                  0x000060          0x4 LONG 0x1c40 DEFINED (__IC4Interrupt)?ABSOLUTE (__IC4Interrupt):ABSOLUTE (__DefaultInterrupt)
                  0x000062          0x4 LONG 0x1c40 DEFINED (__IC5Interrupt)?ABSOLUTE (__IC5Interrupt):ABSOLUTE (__DefaultInterrupt)
                  0x000064          0x4 LONG 0x1c40 DEFINED (__IC6Interrupt)?ABSOLUTE (__IC6Interrupt):ABSOLUTE (__DefaultInterrupt)
                  0x000066          0x4 LONG 0x1c40 DEFINED (__OC5Interrupt)?ABSOLUTE (__OC5Interrupt):ABSOLUTE (__DefaultInterrupt)
                  0x000068          0x4 LONG 0x1c40 DEFINED (__OC6Interrupt)?ABSOLUTE (__OC6Interrupt):ABSOLUTE (__DefaultInterrupt)
                  0x00006a          0x4 LONG 0x1c40 DEFINED (__OC7Interrupt)?ABSOLUTE (__OC7Interrupt):ABSOLUTE (__DefaultInterrupt)
                  0x00006c          0x4 LONG 0x1c40 DEFINED (__OC8Interrupt)?ABSOLUTE (__OC8Interrupt):ABSOLUTE (__DefaultInterrupt)
                  0x00006e          0x4 LONG 0x1c40 DEFINED (__Interrupt45)?ABSOLUTE (__Interrupt45):ABSOLUTE (__DefaultInterrupt)
                  0x000070          0x4 LONG 0x1c40 DEFINED (__DMA4Interrupt)?ABSOLUTE (__DMA4Interrupt):ABSOLUTE (__DefaultInterrupt)
                  0x000072          0x4 LONG 0x1c40 DEFINED (__T6Interrupt)?ABSOLUTE (__T6Interrupt):ABSOLUTE (__DefaultInterrupt)
                  0x000074          0x4 LONG 0x1c40 DEFINED (__T7Interrupt)?ABSOLUTE (__T7Interrupt):ABSOLUTE (__DefaultInterrupt)
                  0x000076          0x4 LONG 0x1c40 DEFINED (__SI2C2Interrupt)?ABSOLUTE (__SI2C2Interrupt):ABSOLUTE (__DefaultInterrupt)
                  0x000078          0x4 LONG 0x1c40 DEFINED (__MI2C2Interrupt)?ABSOLUTE (__MI2C2Interrupt):ABSOLUTE (__DefaultInterrupt)
                  0x00007a          0x4 LONG 0x1c40 DEFINED (__T8Interrupt)?ABSOLUTE (__T8Interrupt):ABSOLUTE (__DefaultInterrupt)
                  0x00007c          0x4 LONG 0x1c40 DEFINED (__T9Interrupt)?ABSOLUTE (__T9Interrupt):ABSOLUTE (__DefaultInterrupt)
                  0x00007e          0x4 LONG 0x1c40 DEFINED (__INT3Interrupt)?ABSOLUTE (__INT3Interrupt):ABSOLUTE (__DefaultInterrupt)
                  0x000080          0x4 LONG 0x1c40 DEFINED (__INT4Interrupt)?ABSOLUTE (__INT4Interrupt):ABSOLUTE (__DefaultInterrupt)
                  0x000082          0x4 LONG 0x1c40 DEFINED (__C2ErrInterrupt)?ABSOLUTE (__C2ErrInterrupt):ABSOLUTE (__DefaultInterrupt)
                  0x000084          0x4 LONG 0x1c40 DEFINED (__C2Interrupt)?ABSOLUTE (__C2Interrupt):ABSOLUTE (__DefaultInterrupt)
                  0x000086          0x4 LONG 0x1c40 DEFINED (__PWMInterrupt)?ABSOLUTE (__PWMInterrupt):ABSOLUTE (__DefaultInterrupt)
                  0x000088          0x4 LONG 0x1c40 DEFINED (__QEIInterrupt)?ABSOLUTE (__QEIInterrupt):ABSOLUTE (__DefaultInterrupt)
                  0x00008a          0x4 LONG 0x1c40 DEFINED (__DCIErrInterrupt)?ABSOLUTE (__DCIErrInterrupt):ABSOLUTE (__DefaultInterrupt)
                  0x00008c          0x4 LONG 0x1c40 DEFINED (__DCIInterrupt)?ABSOLUTE (__DCIInterrupt):ABSOLUTE (__DefaultInterrupt)
                  0x00008e          0x4 LONG 0x1c40 DEFINED (__DMA5Interrupt)?ABSOLUTE (__DMA5Interrupt):ABSOLUTE (__DefaultInterrupt)
                  0x000090          0x4 LONG 0x1c40 DEFINED (__Interrupt62)?ABSOLUTE (__Interrupt62):ABSOLUTE (__DefaultInterrupt)
                  0x000092          0x4 LONG 0x1c40 DEFINED (__FLTAInterrupt)?ABSOLUTE (__FLTAInterrupt):ABSOLUTE (__DefaultInterrupt)
                  0x000094          0x4 LONG 0x1c40 DEFINED (__FLTBInterrupt)?ABSOLUTE (__FLTBInterrupt):ABSOLUTE (__DefaultInterrupt)
                  0x000096          0x4 LONG 0x19ee DEFINED (__U1ErrInterrupt)?ABSOLUTE (__U1ErrInterrupt):ABSOLUTE (__DefaultInterrupt)
                  0x000098          0x4 LONG 0x1c40 DEFINED (__U2ErrInterrupt)?ABSOLUTE (__U2ErrInterrupt):ABSOLUTE (__DefaultInterrupt)
                  0x00009a          0x4 LONG 0x1c40 DEFINED (__Interrupt67)?ABSOLUTE (__Interrupt67):ABSOLUTE (__DefaultInterrupt)
                  0x00009c          0x4 LONG 0x1c40 DEFINED (__Interrupt68)?ABSOLUTE (__Interrupt68):ABSOLUTE (__DefaultInterrupt)
                  0x00009e          0x4 LONG 0x1c40 DEFINED (__Interrupt69)?ABSOLUTE (__Interrupt69):ABSOLUTE (__DefaultInterrupt)
                  0x0000a0          0x4 LONG 0x1c40 DEFINED (__Interrupt70)?ABSOLUTE (__Interrupt70):ABSOLUTE (__DefaultInterrupt)
                  0x0000a2          0x4 LONG 0x1c40 DEFINED (__Interrupt71)?ABSOLUTE (__Interrupt71):ABSOLUTE (__DefaultInterrupt)
                  0x0000a4          0x4 LONG 0x1c40 DEFINED (__Interrupt72)?ABSOLUTE (__Interrupt72):ABSOLUTE (__DefaultInterrupt)
                  0x0000a6          0x4 LONG 0x1c40 DEFINED (__Interrupt73)?ABSOLUTE (__Interrupt73):ABSOLUTE (__DefaultInterrupt)
                  0x0000a8          0x4 LONG 0x1c40 DEFINED (__Interrupt74)?ABSOLUTE (__Interrupt74):ABSOLUTE (__DefaultInterrupt)
                  0x0000aa          0x4 LONG 0x1c40 DEFINED (__Interrupt75)?ABSOLUTE (__Interrupt75):ABSOLUTE (__DefaultInterrupt)
                  0x0000ac          0x4 LONG 0x1c40 DEFINED (__Interrupt76)?ABSOLUTE (__Interrupt76):ABSOLUTE (__DefaultInterrupt)
                  0x0000ae          0x4 LONG 0x1c40 DEFINED (__Interrupt77)?ABSOLUTE (__Interrupt77):ABSOLUTE (__DefaultInterrupt)
                  0x0000b0          0x4 LONG 0x1c40 DEFINED (__Interrupt78)?ABSOLUTE (__Interrupt78):ABSOLUTE (__DefaultInterrupt)
                  0x0000b2          0x4 LONG 0x1c40 DEFINED (__Interrupt79)?ABSOLUTE (__Interrupt79):ABSOLUTE (__DefaultInterrupt)
                  0x0000b4          0x4 LONG 0x1c40 DEFINED (__Interrupt80)?ABSOLUTE (__Interrupt80):ABSOLUTE (__DefaultInterrupt)
                  0x0000b6          0x4 LONG 0x1c40 DEFINED (__Interrupt81)?ABSOLUTE (__Interrupt81):ABSOLUTE (__DefaultInterrupt)
                  0x0000b8          0x4 LONG 0x1c40 DEFINED (__Interrupt82)?ABSOLUTE (__Interrupt82):ABSOLUTE (__DefaultInterrupt)
                  0x0000ba          0x4 LONG 0x1c40 DEFINED (__Interrupt83)?ABSOLUTE (__Interrupt83):ABSOLUTE (__DefaultInterrupt)
                  0x0000bc          0x4 LONG 0x1c40 DEFINED (__Interrupt84)?ABSOLUTE (__Interrupt84):ABSOLUTE (__DefaultInterrupt)
                  0x0000be          0x4 LONG 0x1c40 DEFINED (__Interrupt85)?ABSOLUTE (__Interrupt85):ABSOLUTE (__DefaultInterrupt)
                  0x0000c0          0x4 LONG 0x1c40 DEFINED (__Interrupt86)?ABSOLUTE (__Interrupt86):ABSOLUTE (__DefaultInterrupt)
                  0x0000c2          0x4 LONG 0x1c40 DEFINED (__Interrupt87)?ABSOLUTE (__Interrupt87):ABSOLUTE (__DefaultInterrupt)
                  0x0000c4          0x4 LONG 0x1c40 DEFINED (__Interrupt88)?ABSOLUTE (__Interrupt88):ABSOLUTE (__DefaultInterrupt)
                  0x0000c6          0x4 LONG 0x1c40 DEFINED (__Interrupt89)?ABSOLUTE (__Interrupt89):ABSOLUTE (__DefaultInterrupt)
                  0x0000c8          0x4 LONG 0x1c40 DEFINED (__Interrupt90)?ABSOLUTE (__Interrupt90):ABSOLUTE (__DefaultInterrupt)
                  0x0000ca          0x4 LONG 0x1c40 DEFINED (__Interrupt91)?ABSOLUTE (__Interrupt91):ABSOLUTE (__DefaultInterrupt)
                  0x0000cc          0x4 LONG 0x1c40 DEFINED (__Interrupt92)?ABSOLUTE (__Interrupt92):ABSOLUTE (__DefaultInterrupt)
                  0x0000ce          0x4 LONG 0x1c40 DEFINED (__Interrupt93)?ABSOLUTE (__Interrupt93):ABSOLUTE (__DefaultInterrupt)
                  0x0000d0          0x4 LONG 0x1c40 DEFINED (__Interrupt94)?ABSOLUTE (__Interrupt94):ABSOLUTE (__DefaultInterrupt)
                  0x0000d2          0x4 LONG 0x1c40 DEFINED (__Interrupt95)?ABSOLUTE (__Interrupt95):ABSOLUTE (__DefaultInterrupt)
                  0x0000d4          0x4 LONG 0x1c40 DEFINED (__Interrupt96)?ABSOLUTE (__Interrupt96):ABSOLUTE (__DefaultInterrupt)
                  0x0000d6          0x4 LONG 0x1c40 DEFINED (__Interrupt97)?ABSOLUTE (__Interrupt97):ABSOLUTE (__DefaultInterrupt)
                  0x0000d8          0x4 LONG 0x1c40 DEFINED (__Interrupt98)?ABSOLUTE (__Interrupt98):ABSOLUTE (__DefaultInterrupt)
                  0x0000da          0x4 LONG 0x1c40 DEFINED (__Interrupt99)?ABSOLUTE (__Interrupt99):ABSOLUTE (__DefaultInterrupt)
                  0x0000dc          0x4 LONG 0x1c40 DEFINED (__Interrupt100)?ABSOLUTE (__Interrupt100):ABSOLUTE (__DefaultInterrupt)
                  0x0000de          0x4 LONG 0x1c40 DEFINED (__Interrupt101)?ABSOLUTE (__Interrupt101):ABSOLUTE (__DefaultInterrupt)
                  0x0000e0          0x4 LONG 0x1c40 DEFINED (__Interrupt102)?ABSOLUTE (__Interrupt102):ABSOLUTE (__DefaultInterrupt)
                  0x0000e2          0x4 LONG 0x1c40 DEFINED (__Interrupt103)?ABSOLUTE (__Interrupt103):ABSOLUTE (__DefaultInterrupt)
                  0x0000e4          0x4 LONG 0x1c40 DEFINED (__Interrupt104)?ABSOLUTE (__Interrupt104):ABSOLUTE (__DefaultInterrupt)
                  0x0000e6          0x4 LONG 0x1c40 DEFINED (__Interrupt105)?ABSOLUTE (__Interrupt105):ABSOLUTE (__DefaultInterrupt)
                  0x0000e8          0x4 LONG 0x1c40 DEFINED (__Interrupt106)?ABSOLUTE (__Interrupt106):ABSOLUTE (__DefaultInterrupt)
                  0x0000ea          0x4 LONG 0x1c40 DEFINED (__Interrupt107)?ABSOLUTE (__Interrupt107):ABSOLUTE (__DefaultInterrupt)
                  0x0000ec          0x4 LONG 0x1c40 DEFINED (__Interrupt108)?ABSOLUTE (__Interrupt108):ABSOLUTE (__DefaultInterrupt)
                  0x0000ee          0x4 LONG 0x1c40 DEFINED (__Interrupt109)?ABSOLUTE (__Interrupt109):ABSOLUTE (__DefaultInterrupt)
                  0x0000f0          0x4 LONG 0x1c40 DEFINED (__Interrupt110)?ABSOLUTE (__Interrupt110):ABSOLUTE (__DefaultInterrupt)
                  0x0000f2          0x4 LONG 0x1c40 DEFINED (__Interrupt111)?ABSOLUTE (__Interrupt111):ABSOLUTE (__DefaultInterrupt)
                  0x0000f4          0x4 LONG 0x1c40 DEFINED (__Interrupt112)?ABSOLUTE (__Interrupt112):ABSOLUTE (__DefaultInterrupt)
                  0x0000f6          0x4 LONG 0x1c40 DEFINED (__Interrupt113)?ABSOLUTE (__Interrupt113):ABSOLUTE (__DefaultInterrupt)
                  0x0000f8          0x4 LONG 0x1c40 DEFINED (__Interrupt114)?ABSOLUTE (__Interrupt114):ABSOLUTE (__DefaultInterrupt)
                  0x0000fa          0x4 LONG 0x1c40 DEFINED (__Interrupt115)?ABSOLUTE (__Interrupt115):ABSOLUTE (__DefaultInterrupt)
                  0x0000fc          0x4 LONG 0x1c40 DEFINED (__Interrupt116)?ABSOLUTE (__Interrupt116):ABSOLUTE (__DefaultInterrupt)
                  0x0000fe          0x4 LONG 0x1c40 DEFINED (__Interrupt117)?ABSOLUTE (__Interrupt117):ABSOLUTE (__DefaultInterrupt)

.aivt             0x000104         0xfc
                  0x000104          0x4 LONG 0x1c40 DEFINED (__AltReservedTrap0)?ABSOLUTE (__AltReservedTrap0):DEFINED (__ReservedTrap0)?ABSOLUTE (__ReservedTrap0):ABSOLUTE (__DefaultInterrupt)
                  0x000106          0x4 LONG 0x1bd2 DEFINED (__AltOscillatorFail)?ABSOLUTE (__AltOscillatorFail):DEFINED (__OscillatorFail)?ABSOLUTE (__OscillatorFail):ABSOLUTE (__DefaultInterrupt)
                  0x000108          0x4 LONG 0x1bd8 DEFINED (__AltAddressError)?ABSOLUTE (__AltAddressError):DEFINED (__AddressError)?ABSOLUTE (__AddressError):ABSOLUTE (__DefaultInterrupt)
                  0x00010a          0x4 LONG 0x1bde DEFINED (__AltStackError)?ABSOLUTE (__AltStackError):DEFINED (__StackError)?ABSOLUTE (__StackError):ABSOLUTE (__DefaultInterrupt)
                  0x00010c          0x4 LONG 0x1be4 DEFINED (__AltMathError)?ABSOLUTE (__AltMathError):DEFINED (__MathError)?ABSOLUTE (__MathError):ABSOLUTE (__DefaultInterrupt)
                  0x00010e          0x4 LONG 0x1bea DEFINED (__AltDMACError)?ABSOLUTE (__AltDMACError):DEFINED (__DMACError)?ABSOLUTE (__DMACError):ABSOLUTE (__DefaultInterrupt)
                  0x000110          0x4 LONG 0x1c40 DEFINED (__AltReservedTrap6)?ABSOLUTE (__AltReservedTrap6):DEFINED (__ReservedTrap6)?ABSOLUTE (__ReservedTrap6):ABSOLUTE (__DefaultInterrupt)
                  0x000112          0x4 LONG 0x1c40 DEFINED (__AltReservedTrap7)?ABSOLUTE (__AltReservedTrap7):DEFINED (__ReservedTrap7)?ABSOLUTE (__ReservedTrap7):ABSOLUTE (__DefaultInterrupt)
                  0x000114          0x4 LONG 0x1c40 DEFINED (__AltINT0Interrupt)?ABSOLUTE (__AltINT0Interrupt):DEFINED (__INT0Interrupt)?ABSOLUTE (__INT0Interrupt):ABSOLUTE (__DefaultInterrupt)
                  0x000116          0x4 LONG 0x1c40 DEFINED (__AltIC1Interrupt)?ABSOLUTE (__AltIC1Interrupt):DEFINED (__IC1Interrupt)?ABSOLUTE (__IC1Interrupt):ABSOLUTE (__DefaultInterrupt)
                  0x000118          0x4 LONG 0x1c40 DEFINED (__AltOC1Interrupt)?ABSOLUTE (__AltOC1Interrupt):DEFINED (__OC1Interrupt)?ABSOLUTE (__OC1Interrupt):ABSOLUTE (__DefaultInterrupt)
                  0x00011a          0x4 LONG 0x1526 DEFINED (__AltT1Interrupt)?ABSOLUTE (__AltT1Interrupt):DEFINED (__T1Interrupt)?ABSOLUTE (__T1Interrupt):ABSOLUTE (__DefaultInterrupt)
                  0x00011c          0x4 LONG 0x1c40 DEFINED (__AltDMA0Interrupt)?ABSOLUTE (__AltDMA0Interrupt):DEFINED (__DMA0Interrupt)?ABSOLUTE (__DMA0Interrupt):ABSOLUTE (__DefaultInterrupt)
                  0x00011e          0x4 LONG 0x1c40 DEFINED (__AltIC2Interrupt)?ABSOLUTE (__AltIC2Interrupt):DEFINED (__IC2Interrupt)?ABSOLUTE (__IC2Interrupt):ABSOLUTE (__DefaultInterrupt)
                  0x000120          0x4 LONG 0x1c40 DEFINED (__AltOC2Interrupt)?ABSOLUTE (__AltOC2Interrupt):DEFINED (__OC2Interrupt)?ABSOLUTE (__OC2Interrupt):ABSOLUTE (__DefaultInterrupt)
                  0x000122          0x4 LONG 0x1750 DEFINED (__AltT2Interrupt)?ABSOLUTE (__AltT2Interrupt):DEFINED (__T2Interrupt)?ABSOLUTE (__T2Interrupt):ABSOLUTE (__DefaultInterrupt)
                  0x000124          0x4 LONG 0x17e6 DEFINED (__AltT3Interrupt)?ABSOLUTE (__AltT3Interrupt):DEFINED (__T3Interrupt)?ABSOLUTE (__T3Interrupt):ABSOLUTE (__DefaultInterrupt)
                  0x000126          0x4 LONG 0x1c40 DEFINED (__AltSPI1ErrInterrupt)?ABSOLUTE (__AltSPI1ErrInterrupt):DEFINED (__SPI1ErrInterrupt)?ABSOLUTE (__SPI1ErrInterrupt):ABSOLUTE (__DefaultInterrupt)
                  0x000128          0x4 LONG 0x1c40 DEFINED (__AltSPI1Interrupt)?ABSOLUTE (__AltSPI1Interrupt):DEFINED (__SPI1Interrupt)?ABSOLUTE (__SPI1Interrupt):ABSOLUTE (__DefaultInterrupt)
                  0x00012a          0x4 LONG 0x18de DEFINED (__AltU1RXInterrupt)?ABSOLUTE (__AltU1RXInterrupt):DEFINED (__U1RXInterrupt)?ABSOLUTE (__U1RXInterrupt):ABSOLUTE (__DefaultInterrupt)
                  0x00012c          0x4 LONG 0x18ac DEFINED (__AltU1TXInterrupt)?ABSOLUTE (__AltU1TXInterrupt):DEFINED (__U1TXInterrupt)?ABSOLUTE (__U1TXInterrupt):ABSOLUTE (__DefaultInterrupt)
                  0x00012e          0x4 LONG 0x1aac DEFINED (__AltADC1Interrupt)?ABSOLUTE (__AltADC1Interrupt):DEFINED (__ADC1Interrupt)?ABSOLUTE (__ADC1Interrupt):ABSOLUTE (__DefaultInterrupt)
                  0x000130          0x4 LONG 0x1c40 DEFINED (__AltDMA1Interrupt)?ABSOLUTE (__AltDMA1Interrupt):DEFINED (__DMA1Interrupt)?ABSOLUTE (__DMA1Interrupt):ABSOLUTE (__DefaultInterrupt)
                  0x000132          0x4 LONG 0x1c40 DEFINED (__AltInterrupt15)?ABSOLUTE (__AltInterrupt15):DEFINED (__Interrupt15)?ABSOLUTE (__Interrupt15):ABSOLUTE (__DefaultInterrupt)
                  0x000134          0x4 LONG 0x1c3a DEFINED (__AltSI2C1Interrupt)?ABSOLUTE (__AltSI2C1Interrupt):DEFINED (__SI2C1Interrupt)?ABSOLUTE (__SI2C1Interrupt):ABSOLUTE (__DefaultInterrupt)
                  0x000136          0x4 LONG 0x1c32 DEFINED (__AltMI2C1Interrupt)?ABSOLUTE (__AltMI2C1Interrupt):DEFINED (__MI2C1Interrupt)?ABSOLUTE (__MI2C1Interrupt):ABSOLUTE (__DefaultInterrupt)
                  0x000138          0x4 LONG 0x1c40 DEFINED (__AltInterrupt18)?ABSOLUTE (__AltInterrupt18):DEFINED (__Interrupt18)?ABSOLUTE (__Interrupt18):ABSOLUTE (__DefaultInterrupt)
                  0x00013a          0x4 LONG 0x1c40 DEFINED (__AltCNInterrupt)?ABSOLUTE (__AltCNInterrupt):DEFINED (__CNInterrupt)?ABSOLUTE (__CNInterrupt):ABSOLUTE (__DefaultInterrupt)
                  0x00013c          0x4 LONG 0x1c40 DEFINED (__AltINT1Interrupt)?ABSOLUTE (__AltINT1Interrupt):DEFINED (__INT1Interrupt)?ABSOLUTE (__INT1Interrupt):ABSOLUTE (__DefaultInterrupt)
                  0x00013e          0x4 LONG 0x1c40 DEFINED (__AltADC2Interrupt)?ABSOLUTE (__AltADC2Interrupt):DEFINED (__ADC2Interrupt)?ABSOLUTE (__ADC2Interrupt):ABSOLUTE (__DefaultInterrupt)
                  0x000140          0x4 LONG 0x1c40 DEFINED (__AltIC7Interrupt)?ABSOLUTE (__AltIC7Interrupt):DEFINED (__IC7Interrupt)?ABSOLUTE (__IC7Interrupt):ABSOLUTE (__DefaultInterrupt)
                  0x000142          0x4 LONG 0x1c40 DEFINED (__AltIC8Interrupt)?ABSOLUTE (__AltIC8Interrupt):DEFINED (__IC8Interrupt)?ABSOLUTE (__IC8Interrupt):ABSOLUTE (__DefaultInterrupt)
                  0x000144          0x4 LONG 0x1c40 DEFINED (__AltDMA2Interrupt)?ABSOLUTE (__AltDMA2Interrupt):DEFINED (__DMA2Interrupt)?ABSOLUTE (__DMA2Interrupt):ABSOLUTE (__DefaultInterrupt)
                  0x000146          0x4 LONG 0x1c40 DEFINED (__AltOC3Interrupt)?ABSOLUTE (__AltOC3Interrupt):DEFINED (__OC3Interrupt)?ABSOLUTE (__OC3Interrupt):ABSOLUTE (__DefaultInterrupt)
                  0x000148          0x4 LONG 0x1c40 DEFINED (__AltOC4Interrupt)?ABSOLUTE (__AltOC4Interrupt):DEFINED (__OC4Interrupt)?ABSOLUTE (__OC4Interrupt):ABSOLUTE (__DefaultInterrupt)
                  0x00014a          0x4 LONG 0x1c40 DEFINED (__AltT4Interrupt)?ABSOLUTE (__AltT4Interrupt):DEFINED (__T4Interrupt)?ABSOLUTE (__T4Interrupt):ABSOLUTE (__DefaultInterrupt)
                  0x00014c          0x4 LONG 0x1c40 DEFINED (__AltT5Interrupt)?ABSOLUTE (__AltT5Interrupt):DEFINED (__T5Interrupt)?ABSOLUTE (__T5Interrupt):ABSOLUTE (__DefaultInterrupt)
                  0x00014e          0x4 LONG 0x1c40 DEFINED (__AltINT2Interrupt)?ABSOLUTE (__AltINT2Interrupt):DEFINED (__INT2Interrupt)?ABSOLUTE (__INT2Interrupt):ABSOLUTE (__DefaultInterrupt)
                  0x000150          0x4 LONG 0x1c40 DEFINED (__AltU2RXInterrupt)?ABSOLUTE (__AltU2RXInterrupt):DEFINED (__U2RXInterrupt)?ABSOLUTE (__U2RXInterrupt):ABSOLUTE (__DefaultInterrupt)
                  0x000152          0x4 LONG 0x1c40 DEFINED (__AltU2TXInterrupt)?ABSOLUTE (__AltU2TXInterrupt):DEFINED (__U2TXInterrupt)?ABSOLUTE (__U2TXInterrupt):ABSOLUTE (__DefaultInterrupt)
                  0x000154          0x4 LONG 0x1c40 DEFINED (__AltSPI2ErrInterrupt)?ABSOLUTE (__AltSPI2ErrInterrupt):DEFINED (__SPI2ErrInterrupt)?ABSOLUTE (__SPI2ErrInterrupt):ABSOLUTE (__DefaultInterrupt)
                  0x000156          0x4 LONG 0x1c40 DEFINED (__AltSPI2Interrupt)?ABSOLUTE (__AltSPI2Interrupt):DEFINED (__SPI2Interrupt)?ABSOLUTE (__SPI2Interrupt):ABSOLUTE (__DefaultInterrupt)
                  0x000158          0x4 LONG 0x1c40 DEFINED (__AltC1ErrInterrupt)?ABSOLUTE (__AltC1ErrInterrupt):DEFINED (__C1ErrInterrupt)?ABSOLUTE (__C1ErrInterrupt):ABSOLUTE (__DefaultInterrupt)
                  0x00015a          0x4 LONG 0x1c40 DEFINED (__AltC1Interrupt)?ABSOLUTE (__AltC1Interrupt):DEFINED (__C1Interrupt)?ABSOLUTE (__C1Interrupt):ABSOLUTE (__DefaultInterrupt)
                  0x00015c          0x4 LONG 0x1c40 DEFINED (__AltDMA3Interrupt)?ABSOLUTE (__AltDMA3Interrupt):DEFINED (__DMA3Interrupt)?ABSOLUTE (__DMA3Interrupt):ABSOLUTE (__DefaultInterrupt)
                  0x00015e          0x4 LONG 0x1c40 DEFINED (__AltIC3Interrupt)?ABSOLUTE (__AltIC3Interrupt):DEFINED (__IC3Interrupt)?ABSOLUTE (__IC3Interrupt):ABSOLUTE (__DefaultInterrupt)
                  0x000160          0x4 LONG 0x1c40 DEFINED (__AltIC4Interrupt)?ABSOLUTE (__AltIC4Interrupt):DEFINED (__IC4Interrupt)?ABSOLUTE (__IC4Interrupt):ABSOLUTE (__DefaultInterrupt)
                  0x000162          0x4 LONG 0x1c40 DEFINED (__AltIC5Interrupt)?ABSOLUTE (__AltIC5Interrupt):DEFINED (__IC5Interrupt)?ABSOLUTE (__IC5Interrupt):ABSOLUTE (__DefaultInterrupt)
                  0x000164          0x4 LONG 0x1c40 DEFINED (__AltIC6Interrupt)?ABSOLUTE (__AltIC6Interrupt):DEFINED (__IC6Interrupt)?ABSOLUTE (__IC6Interrupt):ABSOLUTE (__DefaultInterrupt)
                  0x000166          0x4 LONG 0x1c40 DEFINED (__AltOC5Interrupt)?ABSOLUTE (__AltOC5Interrupt):DEFINED (__OC5Interrupt)?ABSOLUTE (__OC5Interrupt):ABSOLUTE (__DefaultInterrupt)
                  0x000168          0x4 LONG 0x1c40 DEFINED (__AltOC6Interrupt)?ABSOLUTE (__AltOC6Interrupt):DEFINED (__OC6Interrupt)?ABSOLUTE (__OC6Interrupt):ABSOLUTE (__DefaultInterrupt)
                  0x00016a          0x4 LONG 0x1c40 DEFINED (__AltOC7Interrupt)?ABSOLUTE (__AltOC7Interrupt):DEFINED (__OC7Interrupt)?ABSOLUTE (__OC7Interrupt):ABSOLUTE (__DefaultInterrupt)
                  0x00016c          0x4 LONG 0x1c40 DEFINED (__AltOC8Interrupt)?ABSOLUTE (__AltOC8Interrupt):DEFINED (__OC8Interrupt)?ABSOLUTE (__OC8Interrupt):ABSOLUTE (__DefaultInterrupt)
                  0x00016e          0x4 LONG 0x1c40 DEFINED (__AltInterrupt45)?ABSOLUTE (__AltInterrupt45):DEFINED (__Interrupt45)?ABSOLUTE (__Interrupt45):ABSOLUTE (__DefaultInterrupt)
                  0x000170          0x4 LONG 0x1c40 DEFINED (__AltDMA4Interrupt)?ABSOLUTE (__AltDMA4Interrupt):DEFINED (__DMA4Interrupt)?ABSOLUTE (__DMA4Interrupt):ABSOLUTE (__DefaultInterrupt)
                  0x000172          0x4 LONG 0x1c40 DEFINED (__AltT6Interrupt)?ABSOLUTE (__AltT6Interrupt):DEFINED (__T6Interrupt)?ABSOLUTE (__T6Interrupt):ABSOLUTE (__DefaultInterrupt)
                  0x000174          0x4 LONG 0x1c40 DEFINED (__AltT7Interrupt)?ABSOLUTE (__AltT7Interrupt):DEFINED (__T7Interrupt)?ABSOLUTE (__T7Interrupt):ABSOLUTE (__DefaultInterrupt)
                  0x000176          0x4 LONG 0x1c40 DEFINED (__AltSI2C2Interrupt)?ABSOLUTE (__AltSI2C2Interrupt):DEFINED (__SI2C2Interrupt)?ABSOLUTE (__SI2C2Interrupt):ABSOLUTE (__DefaultInterrupt)
                  0x000178          0x4 LONG 0x1c40 DEFINED (__AltMI2C2Interrupt)?ABSOLUTE (__AltMI2C2Interrupt):DEFINED (__MI2C2Interrupt)?ABSOLUTE (__MI2C2Interrupt):ABSOLUTE (__DefaultInterrupt)
                  0x00017a          0x4 LONG 0x1c40 DEFINED (__AltT8Interrupt)?ABSOLUTE (__AltT8Interrupt):DEFINED (__T8Interrupt)?ABSOLUTE (__T8Interrupt):ABSOLUTE (__DefaultInterrupt)
                  0x00017c          0x4 LONG 0x1c40 DEFINED (__AltT9Interrupt)?ABSOLUTE (__AltT9Interrupt):DEFINED (__T9Interrupt)?ABSOLUTE (__T9Interrupt):ABSOLUTE (__DefaultInterrupt)
                  0x00017e          0x4 LONG 0x1c40 DEFINED (__AltINT3Interrupt)?ABSOLUTE (__AltINT3Interrupt):DEFINED (__INT3Interrupt)?ABSOLUTE (__INT3Interrupt):ABSOLUTE (__DefaultInterrupt)
                  0x000180          0x4 LONG 0x1c40 DEFINED (__AltINT4Interrupt)?ABSOLUTE (__AltINT4Interrupt):DEFINED (__INT4Interrupt)?ABSOLUTE (__INT4Interrupt):ABSOLUTE (__DefaultInterrupt)
                  0x000182          0x4 LONG 0x1c40 DEFINED (__AltC2ErrInterrupt)?ABSOLUTE (__AltC2ErrInterrupt):DEFINED (__C2ErrInterrupt)?ABSOLUTE (__C2ErrInterrupt):ABSOLUTE (__DefaultInterrupt)
                  0x000184          0x4 LONG 0x1c40 DEFINED (__AltC2Interrupt)?ABSOLUTE (__AltC2Interrupt):DEFINED (__C2Interrupt)?ABSOLUTE (__C2Interrupt):ABSOLUTE (__DefaultInterrupt)
                  0x000186          0x4 LONG 0x1c40 DEFINED (__AltPWMInterrupt)?ABSOLUTE (__AltPWMInterrupt):DEFINED (__PWMInterrupt)?ABSOLUTE (__PWMInterrupt):ABSOLUTE (__DefaultInterrupt)
                  0x000188          0x4 LONG 0x1c40 DEFINED (__AltQEIInterrupt)?ABSOLUTE (__AltQEIInterrupt):DEFINED (__QEIInterrupt)?ABSOLUTE (__QEIInterrupt):ABSOLUTE (__DefaultInterrupt)
                  0x00018a          0x4 LONG 0x1c40 DEFINED (__AltDCIErrInterrupt)?ABSOLUTE (__AltDCIErrInterrupt):DEFINED (__DCIErrInterrupt)?ABSOLUTE (__DCIErrInterrupt):ABSOLUTE (__DefaultInterrupt)
                  0x00018c          0x4 LONG 0x1c40 DEFINED (__AltDCIInterrupt)?ABSOLUTE (__AltDCIInterrupt):DEFINED (__DCIInterrupt)?ABSOLUTE (__DCIInterrupt):ABSOLUTE (__DefaultInterrupt)
                  0x00018e          0x4 LONG 0x1c40 DEFINED (__AltDMA5Interrupt)?ABSOLUTE (__AltDMA5Interrupt):DEFINED (__DMA5Interrupt)?ABSOLUTE (__DMA5Interrupt):ABSOLUTE (__DefaultInterrupt)
                  0x000190          0x4 LONG 0x1c40 DEFINED (__AltInterrupt62)?ABSOLUTE (__AltInterrupt62):DEFINED (__Interrupt62)?ABSOLUTE (__Interrupt62):ABSOLUTE (__DefaultInterrupt)
                  0x000192          0x4 LONG 0x1c40 DEFINED (__AltFLTAInterrupt)?ABSOLUTE (__AltFLTAInterrupt):DEFINED (__FLTAInterrupt)?ABSOLUTE (__FLTAInterrupt):ABSOLUTE (__DefaultInterrupt)
                  0x000194          0x4 LONG 0x1c40 DEFINED (__AltFLTBInterrupt)?ABSOLUTE (__AltFLTBInterrupt):DEFINED (__FLTBInterrupt)?ABSOLUTE (__FLTBInterrupt):ABSOLUTE (__DefaultInterrupt)
                  0x000196          0x4 LONG 0x19ee DEFINED (__AltU1ErrInterrupt)?ABSOLUTE (__AltU1ErrInterrupt):DEFINED (__U1ErrInterrupt)?ABSOLUTE (__U1ErrInterrupt):ABSOLUTE (__DefaultInterrupt)
                  0x000198          0x4 LONG 0x1c40 DEFINED (__AltU2ErrInterrupt)?ABSOLUTE (__AltU2ErrInterrupt):DEFINED (__U2ErrInterrupt)?ABSOLUTE (__U2ErrInterrupt):ABSOLUTE (__DefaultInterrupt)
                  0x00019a          0x4 LONG 0x1c40 DEFINED (__AltInterrupt67)?ABSOLUTE (__AltInterrupt67):DEFINED (__Interrupt67)?ABSOLUTE (__Interrupt67):ABSOLUTE (__DefaultInterrupt)
                  0x00019c          0x4 LONG 0x1c40 DEFINED (__AltInterrupt68)?ABSOLUTE (__AltInterrupt68):DEFINED (__Interrupt68)?ABSOLUTE (__Interrupt68):ABSOLUTE (__DefaultInterrupt)
                  0x00019e          0x4 LONG 0x1c40 DEFINED (__AltInterrupt69)?ABSOLUTE (__AltInterrupt69):DEFINED (__Interrupt69)?ABSOLUTE (__Interrupt69):ABSOLUTE (__DefaultInterrupt)
                  0x0001a0          0x4 LONG 0x1c40 DEFINED (__AltInterrupt70)?ABSOLUTE (__AltInterrupt70):DEFINED (__Interrupt70)?ABSOLUTE (__Interrupt70):ABSOLUTE (__DefaultInterrupt)
                  0x0001a2          0x4 LONG 0x1c40 DEFINED (__AltInterrupt71)?ABSOLUTE (__AltInterrupt71):DEFINED (__Interrupt71)?ABSOLUTE (__Interrupt71):ABSOLUTE (__DefaultInterrupt)
                  0x0001a4          0x4 LONG 0x1c40 DEFINED (__AltInterrupt72)?ABSOLUTE (__AltInterrupt72):DEFINED (__Interrupt72)?ABSOLUTE (__Interrupt72):ABSOLUTE (__DefaultInterrupt)
                  0x0001a6          0x4 LONG 0x1c40 DEFINED (__AltInterrupt73)?ABSOLUTE (__AltInterrupt73):DEFINED (__Interrupt73)?ABSOLUTE (__Interrupt73):ABSOLUTE (__DefaultInterrupt)
                  0x0001a8          0x4 LONG 0x1c40 DEFINED (__AltInterrupt74)?ABSOLUTE (__AltInterrupt74):DEFINED (__Interrupt74)?ABSOLUTE (__Interrupt74):ABSOLUTE (__DefaultInterrupt)
                  0x0001aa          0x4 LONG 0x1c40 DEFINED (__AltInterrupt75)?ABSOLUTE (__AltInterrupt75):DEFINED (__Interrupt75)?ABSOLUTE (__Interrupt75):ABSOLUTE (__DefaultInterrupt)
                  0x0001ac          0x4 LONG 0x1c40 DEFINED (__AltInterrupt76)?ABSOLUTE (__AltInterrupt76):DEFINED (__Interrupt76)?ABSOLUTE (__Interrupt76):ABSOLUTE (__DefaultInterrupt)
                  0x0001ae          0x4 LONG 0x1c40 DEFINED (__AltInterrupt77)?ABSOLUTE (__AltInterrupt77):DEFINED (__Interrupt77)?ABSOLUTE (__Interrupt77):ABSOLUTE (__DefaultInterrupt)
                  0x0001b0          0x4 LONG 0x1c40 DEFINED (__AltInterrupt78)?ABSOLUTE (__AltInterrupt78):DEFINED (__Interrupt78)?ABSOLUTE (__Interrupt78):ABSOLUTE (__DefaultInterrupt)
                  0x0001b2          0x4 LONG 0x1c40 DEFINED (__AltInterrupt79)?ABSOLUTE (__AltInterrupt79):DEFINED (__Interrupt79)?ABSOLUTE (__Interrupt79):ABSOLUTE (__DefaultInterrupt)
                  0x0001b4          0x4 LONG 0x1c40 DEFINED (__AltInterrupt80)?ABSOLUTE (__AltInterrupt80):DEFINED (__Interrupt80)?ABSOLUTE (__Interrupt80):ABSOLUTE (__DefaultInterrupt)
                  0x0001b6          0x4 LONG 0x1c40 DEFINED (__AltInterrupt81)?ABSOLUTE (__AltInterrupt81):DEFINED (__Interrupt81)?ABSOLUTE (__Interrupt81):ABSOLUTE (__DefaultInterrupt)
                  0x0001b8          0x4 LONG 0x1c40 DEFINED (__AltInterrupt82)?ABSOLUTE (__AltInterrupt82):DEFINED (__Interrupt82)?ABSOLUTE (__Interrupt82):ABSOLUTE (__DefaultInterrupt)
                  0x0001ba          0x4 LONG 0x1c40 DEFINED (__AltInterrupt83)?ABSOLUTE (__AltInterrupt83):DEFINED (__Interrupt83)?ABSOLUTE (__Interrupt83):ABSOLUTE (__DefaultInterrupt)
                  0x0001bc          0x4 LONG 0x1c40 DEFINED (__AltInterrupt84)?ABSOLUTE (__AltInterrupt84):DEFINED (__Interrupt84)?ABSOLUTE (__Interrupt84):ABSOLUTE (__DefaultInterrupt)
                  0x0001be          0x4 LONG 0x1c40 DEFINED (__AltInterrupt85)?ABSOLUTE (__AltInterrupt85):DEFINED (__Interrupt85)?ABSOLUTE (__Interrupt85):ABSOLUTE (__DefaultInterrupt)
                  0x0001c0          0x4 LONG 0x1c40 DEFINED (__AltInterrupt86)?ABSOLUTE (__AltInterrupt86):DEFINED (__Interrupt86)?ABSOLUTE (__Interrupt86):ABSOLUTE (__DefaultInterrupt)
                  0x0001c2          0x4 LONG 0x1c40 DEFINED (__AltInterrupt87)?ABSOLUTE (__AltInterrupt87):DEFINED (__Interrupt87)?ABSOLUTE (__Interrupt87):ABSOLUTE (__DefaultInterrupt)
                  0x0001c4          0x4 LONG 0x1c40 DEFINED (__AltInterrupt88)?ABSOLUTE (__AltInterrupt88):DEFINED (__Interrupt88)?ABSOLUTE (__Interrupt88):ABSOLUTE (__DefaultInterrupt)
                  0x0001c6          0x4 LONG 0x1c40 DEFINED (__AltInterrupt89)?ABSOLUTE (__AltInterrupt89):DEFINED (__Interrupt89)?ABSOLUTE (__Interrupt89):ABSOLUTE (__DefaultInterrupt)
                  0x0001c8          0x4 LONG 0x1c40 DEFINED (__AltInterrupt90)?ABSOLUTE (__AltInterrupt90):DEFINED (__Interrupt90)?ABSOLUTE (__Interrupt90):ABSOLUTE (__DefaultInterrupt)
                  0x0001ca          0x4 LONG 0x1c40 DEFINED (__AltInterrupt91)?ABSOLUTE (__AltInterrupt91):DEFINED (__Interrupt91)?ABSOLUTE (__Interrupt91):ABSOLUTE (__DefaultInterrupt)
                  0x0001cc          0x4 LONG 0x1c40 DEFINED (__AltInterrupt92)?ABSOLUTE (__AltInterrupt92):DEFINED (__Interrupt92)?ABSOLUTE (__Interrupt92):ABSOLUTE (__DefaultInterrupt)
                  0x0001ce          0x4 LONG 0x1c40 DEFINED (__AltInterrupt93)?ABSOLUTE (__AltInterrupt93):DEFINED (__Interrupt93)?ABSOLUTE (__Interrupt93):ABSOLUTE (__DefaultInterrupt)
                  0x0001d0          0x4 LONG 0x1c40 DEFINED (__AltInterrupt94)?ABSOLUTE (__AltInterrupt94):DEFINED (__Interrupt94)?ABSOLUTE (__Interrupt94):ABSOLUTE (__DefaultInterrupt)
                  0x0001d2          0x4 LONG 0x1c40 DEFINED (__AltInterrupt95)?ABSOLUTE (__AltInterrupt95):DEFINED (__Interrupt95)?ABSOLUTE (__Interrupt95):ABSOLUTE (__DefaultInterrupt)
                  0x0001d4          0x4 LONG 0x1c40 DEFINED (__AltInterrupt96)?ABSOLUTE (__AltInterrupt96):DEFINED (__Interrupt96)?ABSOLUTE (__Interrupt96):ABSOLUTE (__DefaultInterrupt)
                  0x0001d6          0x4 LONG 0x1c40 DEFINED (__AltInterrupt97)?ABSOLUTE (__AltInterrupt97):DEFINED (__Interrupt97)?ABSOLUTE (__Interrupt97):ABSOLUTE (__DefaultInterrupt)
                  0x0001d8          0x4 LONG 0x1c40 DEFINED (__AltInterrupt98)?ABSOLUTE (__AltInterrupt98):DEFINED (__Interrupt98)?ABSOLUTE (__Interrupt98):ABSOLUTE (__DefaultInterrupt)
                  0x0001da          0x4 LONG 0x1c40 DEFINED (__AltInterrupt99)?ABSOLUTE (__AltInterrupt99):DEFINED (__Interrupt99)?ABSOLUTE (__Interrupt99):ABSOLUTE (__DefaultInterrupt)
                  0x0001dc          0x4 LONG 0x1c40 DEFINED (__AltInterrupt100)?ABSOLUTE (__AltInterrupt100):DEFINED (__Interrupt100)?ABSOLUTE (__Interrupt100):ABSOLUTE (__DefaultInterrupt)
                  0x0001de          0x4 LONG 0x1c40 DEFINED (__AltInterrupt101)?ABSOLUTE (__AltInterrupt101):DEFINED (__Interrupt101)?ABSOLUTE (__Interrupt101):ABSOLUTE (__DefaultInterrupt)
                  0x0001e0          0x4 LONG 0x1c40 DEFINED (__AltInterrupt102)?ABSOLUTE (__AltInterrupt102):DEFINED (__Interrupt102)?ABSOLUTE (__Interrupt102):ABSOLUTE (__DefaultInterrupt)
                  0x0001e2          0x4 LONG 0x1c40 DEFINED (__AltInterrupt103)?ABSOLUTE (__AltInterrupt103):DEFINED (__Interrupt103)?ABSOLUTE (__Interrupt103):ABSOLUTE (__DefaultInterrupt)
                  0x0001e4          0x4 LONG 0x1c40 DEFINED (__AltInterrupt104)?ABSOLUTE (__AltInterrupt104):DEFINED (__Interrupt104)?ABSOLUTE (__Interrupt104):ABSOLUTE (__DefaultInterrupt)
                  0x0001e6          0x4 LONG 0x1c40 DEFINED (__AltInterrupt105)?ABSOLUTE (__AltInterrupt105):DEFINED (__Interrupt105)?ABSOLUTE (__Interrupt105):ABSOLUTE (__DefaultInterrupt)
                  0x0001e8          0x4 LONG 0x1c40 DEFINED (__AltInterrupt106)?ABSOLUTE (__AltInterrupt106):DEFINED (__Interrupt106)?ABSOLUTE (__Interrupt106):ABSOLUTE (__DefaultInterrupt)
                  0x0001ea          0x4 LONG 0x1c40 DEFINED (__AltInterrupt107)?ABSOLUTE (__AltInterrupt107):DEFINED (__Interrupt107)?ABSOLUTE (__Interrupt107):ABSOLUTE (__DefaultInterrupt)
                  0x0001ec          0x4 LONG 0x1c40 DEFINED (__AltInterrupt108)?ABSOLUTE (__AltInterrupt108):DEFINED (__Interrupt108)?ABSOLUTE (__Interrupt108):ABSOLUTE (__DefaultInterrupt)
                  0x0001ee          0x4 LONG 0x1c40 DEFINED (__AltInterrupt109)?ABSOLUTE (__AltInterrupt109):DEFINED (__Interrupt109)?ABSOLUTE (__Interrupt109):ABSOLUTE (__DefaultInterrupt)
                  0x0001f0          0x4 LONG 0x1c40 DEFINED (__AltInterrupt110)?ABSOLUTE (__AltInterrupt110):DEFINED (__Interrupt110)?ABSOLUTE (__Interrupt110):ABSOLUTE (__DefaultInterrupt)
                  0x0001f2          0x4 LONG 0x1c40 DEFINED (__AltInterrupt111)?ABSOLUTE (__AltInterrupt111):DEFINED (__Interrupt111)?ABSOLUTE (__Interrupt111):ABSOLUTE (__DefaultInterrupt)
                  0x0001f4          0x4 LONG 0x1c40 DEFINED (__AltInterrupt112)?ABSOLUTE (__AltInterrupt112):DEFINED (__Interrupt112)?ABSOLUTE (__Interrupt112):ABSOLUTE (__DefaultInterrupt)
                  0x0001f6          0x4 LONG 0x1c40 DEFINED (__AltInterrupt113)?ABSOLUTE (__AltInterrupt113):DEFINED (__Interrupt113)?ABSOLUTE (__Interrupt113):ABSOLUTE (__DefaultInterrupt)
                  0x0001f8          0x4 LONG 0x1c40 DEFINED (__AltInterrupt114)?ABSOLUTE (__AltInterrupt114):DEFINED (__Interrupt114)?ABSOLUTE (__Interrupt114):ABSOLUTE (__DefaultInterrupt)
                  0x0001fa          0x4 LONG 0x1c40 DEFINED (__AltInterrupt115)?ABSOLUTE (__AltInterrupt115):DEFINED (__Interrupt115)?ABSOLUTE (__Interrupt115):ABSOLUTE (__DefaultInterrupt)
                  0x0001fc          0x4 LONG 0x1c40 DEFINED (__AltInterrupt116)?ABSOLUTE (__AltInterrupt116):DEFINED (__Interrupt116)?ABSOLUTE (__Interrupt116):ABSOLUTE (__DefaultInterrupt)
                  0x0001fe          0x4 LONG 0x1c40 DEFINED (__AltInterrupt117)?ABSOLUTE (__AltInterrupt117):DEFINED (__Interrupt117)?ABSOLUTE (__Interrupt117):ABSOLUTE (__DefaultInterrupt)
                    0x0000                  _WREG0 = 0x0
                    0x0000                  WREG0 = 0x0
                    0x0002                  _WREG1 = 0x2
                    0x0002                  WREG1 = 0x2
                    0x0004                  _WREG2 = 0x4
                    0x0004                  WREG2 = 0x4
                    0x0006                  _WREG3 = 0x6
                    0x0006                  WREG3 = 0x6
                    0x0008                  _WREG4 = 0x8
                    0x0008                  WREG4 = 0x8
                    0x000a                  _WREG5 = 0xa
                    0x000a                  WREG5 = 0xa
                    0x000c                  _WREG6 = 0xc
                    0x000c                  WREG6 = 0xc
                    0x000e                  _WREG7 = 0xe
                    0x000e                  WREG7 = 0xe
                    0x0010                  _WREG8 = 0x10
                    0x0010                  WREG8 = 0x10
                    0x0012                  _WREG9 = 0x12
                    0x0012                  WREG9 = 0x12
                    0x0014                  _WREG10 = 0x14
                    0x0014                  WREG10 = 0x14
                    0x0016                  _WREG11 = 0x16
                    0x0016                  WREG11 = 0x16
                    0x0018                  _WREG12 = 0x18
                    0x0018                  WREG12 = 0x18
                    0x001a                  _WREG13 = 0x1a
                    0x001a                  WREG13 = 0x1a
                    0x001c                  _WREG14 = 0x1c
                    0x001c                  WREG14 = 0x1c
                    0x001e                  _WREG15 = 0x1e
                    0x001e                  WREG15 = 0x1e
                    0x0020                  _SPLIM = 0x20
                    0x0020                  SPLIM = 0x20
                    0x0022                  _ACCAL = 0x22
                    0x0022                  ACCAL = 0x22
                    0x0024                  _ACCAH = 0x24
                    0x0024                  ACCAH = 0x24
                    0x0026                  _ACCAU = 0x26
                    0x0026                  ACCAU = 0x26
                    0x0028                  _ACCBL = 0x28
                    0x0028                  ACCBL = 0x28
                    0x002a                  _ACCBH = 0x2a
                    0x002a                  ACCBH = 0x2a
                    0x002c                  _ACCBU = 0x2c
                    0x002c                  ACCBU = 0x2c
                    0x002e                  _PCL = 0x2e
                    0x002e                  PCL = 0x2e
                    0x0030                  _PCH = 0x30
                    0x0030                  PCH = 0x30
                    0x0032                  _TBLPAG = 0x32
                    0x0032                  TBLPAG = 0x32
                    0x0034                  _PSVPAG = 0x34
                    0x0034                  PSVPAG = 0x34
                    0x0036                  _RCOUNT = 0x36
                    0x0036                  RCOUNT = 0x36
                    0x0038                  _DCOUNT = 0x38
                    0x0038                  DCOUNT = 0x38
                    0x003a                  _DOSTARTL = 0x3a
                    0x003a                  DOSTARTL = 0x3a
                    0x003c                  _DOSTARTH = 0x3c
                    0x003c                  DOSTARTH = 0x3c
                    0x003e                  _DOENDL = 0x3e
                    0x003e                  DOENDL = 0x3e
                    0x0040                  _DOENDH = 0x40
                    0x0040                  DOENDH = 0x40
                    0x0042                  _SR = 0x42
                    0x0042                  SR = 0x42
                    0x0044                  _CORCON = 0x44
                    0x0044                  CORCON = 0x44
                    0x0046                  _MODCON = 0x46
                    0x0046                  MODCON = 0x46
                    0x0048                  _XMODSRT = 0x48
                    0x0048                  XMODSRT = 0x48
                    0x004a                  _XMODEND = 0x4a
                    0x004a                  XMODEND = 0x4a
                    0x004c                  _YMODSRT = 0x4c
                    0x004c                  YMODSRT = 0x4c
                    0x004e                  _YMODEND = 0x4e
                    0x004e                  YMODEND = 0x4e
                    0x0050                  _XBREV = 0x50
                    0x0050                  XBREV = 0x50
                    0x0052                  _DISICNT = 0x52
                    0x0052                  DISICNT = 0x52
                    0x0060                  _CNEN1 = 0x60
                    0x0060                  CNEN1 = 0x60
                    0x0062                  _CNEN2 = 0x62
                    0x0062                  CNEN2 = 0x62
                    0x0068                  _CNPU1 = 0x68
                    0x0068                  CNPU1 = 0x68
                    0x006a                  _CNPU2 = 0x6a
                    0x006a                  CNPU2 = 0x6a
                    0x0080                  _INTCON1 = 0x80
                    0x0080                  INTCON1 = 0x80
                    0x0082                  _INTCON2 = 0x82
                    0x0082                  INTCON2 = 0x82
                    0x0084                  _IFS0 = 0x84
                    0x0084                  IFS0 = 0x84
                    0x0086                  _IFS1 = 0x86
                    0x0086                  IFS1 = 0x86
                    0x0088                  _IFS2 = 0x88
                    0x0088                  IFS2 = 0x88
                    0x008a                  _IFS3 = 0x8a
                    0x008a                  IFS3 = 0x8a
                    0x008c                  _IFS4 = 0x8c
                    0x008c                  IFS4 = 0x8c
                    0x0094                  _IEC0 = 0x94
                    0x0094                  IEC0 = 0x94
                    0x0096                  _IEC1 = 0x96
                    0x0096                  IEC1 = 0x96
                    0x0098                  _IEC2 = 0x98
                    0x0098                  IEC2 = 0x98
                    0x009a                  _IEC3 = 0x9a
                    0x009a                  IEC3 = 0x9a
                    0x009c                  _IEC4 = 0x9c
                    0x009c                  IEC4 = 0x9c
                    0x00a4                  _IPC0 = 0xa4
                    0x00a4                  IPC0 = 0xa4
                    0x00a6                  _IPC1 = 0xa6
                    0x00a6                  IPC1 = 0xa6
                    0x00a8                  _IPC2 = 0xa8
                    0x00a8                  IPC2 = 0xa8
                    0x00aa                  _IPC3 = 0xaa
                    0x00aa                  IPC3 = 0xaa
                    0x00ac                  _IPC4 = 0xac
                    0x00ac                  IPC4 = 0xac
                    0x00ae                  _IPC5 = 0xae
                    0x00ae                  IPC5 = 0xae
                    0x00b0                  _IPC6 = 0xb0
                    0x00b0                  IPC6 = 0xb0
                    0x00b2                  _IPC7 = 0xb2
                    0x00b2                  IPC7 = 0xb2
                    0x00b4                  _IPC8 = 0xb4
                    0x00b4                  IPC8 = 0xb4
                    0x00b6                  _IPC9 = 0xb6
                    0x00b6                  IPC9 = 0xb6
                    0x00b8                  _IPC10 = 0xb8
                    0x00b8                  IPC10 = 0xb8
                    0x00ba                  _IPC11 = 0xba
                    0x00ba                  IPC11 = 0xba
                    0x00bc                  _IPC12 = 0xbc
                    0x00bc                  IPC12 = 0xbc
                    0x00be                  _IPC13 = 0xbe
                    0x00be                  IPC13 = 0xbe
                    0x00c0                  _IPC14 = 0xc0
                    0x00c0                  IPC14 = 0xc0
                    0x00c2                  _IPC15 = 0xc2
                    0x00c2                  IPC15 = 0xc2
                    0x00c4                  _IPC16 = 0xc4
                    0x00c4                  IPC16 = 0xc4
                    0x00e0                  _INTTREG = 0xe0
                    0x00e0                  INTTREG = 0xe0
                    0x0100                  _TMR1 = 0x100
                    0x0100                  TMR1 = 0x100
                    0x0102                  _PR1 = 0x102
                    0x0102                  PR1 = 0x102
                    0x0104                  _T1CON = 0x104
                    0x0104                  T1CON = 0x104
                    0x0106                  _TMR2 = 0x106
                    0x0106                  TMR2 = 0x106
                    0x0108                  _TMR3HLD = 0x108
                    0x0108                  TMR3HLD = 0x108
                    0x010a                  _TMR3 = 0x10a
                    0x010a                  TMR3 = 0x10a
                    0x010c                  _PR2 = 0x10c
                    0x010c                  PR2 = 0x10c
                    0x010e                  _PR3 = 0x10e
                    0x010e                  PR3 = 0x10e
                    0x0110                  _T2CON = 0x110
                    0x0110                  T2CON = 0x110
                    0x0112                  _T3CON = 0x112
                    0x0112                  T3CON = 0x112
                    0x0114                  _TMR4 = 0x114
                    0x0114                  TMR4 = 0x114
                    0x0116                  _TMR5HLD = 0x116
                    0x0116                  TMR5HLD = 0x116
                    0x0118                  _TMR5 = 0x118
                    0x0118                  TMR5 = 0x118
                    0x011a                  _PR4 = 0x11a
                    0x011a                  PR4 = 0x11a
                    0x011c                  _PR5 = 0x11c
                    0x011c                  PR5 = 0x11c
                    0x011e                  _T4CON = 0x11e
                    0x011e                  T4CON = 0x11e
                    0x0120                  _T5CON = 0x120
                    0x0120                  T5CON = 0x120
                    0x0122                  _TMR6 = 0x122
                    0x0122                  TMR6 = 0x122
                    0x0124                  _TMR7HLD = 0x124
                    0x0124                  TMR7HLD = 0x124
                    0x0126                  _TMR7 = 0x126
                    0x0126                  TMR7 = 0x126
                    0x0128                  _PR6 = 0x128
                    0x0128                  PR6 = 0x128
                    0x012a                  _PR7 = 0x12a
                    0x012a                  PR7 = 0x12a
                    0x012c                  _T6CON = 0x12c
                    0x012c                  T6CON = 0x12c
                    0x012e                  _T7CON = 0x12e
                    0x012e                  T7CON = 0x12e
                    0x0130                  _TMR8 = 0x130
                    0x0130                  TMR8 = 0x130
                    0x0132                  _TMR9HLD = 0x132
                    0x0132                  TMR9HLD = 0x132
                    0x0134                  _TMR9 = 0x134
                    0x0134                  TMR9 = 0x134
                    0x0136                  _PR8 = 0x136
                    0x0136                  PR8 = 0x136
                    0x0138                  _PR9 = 0x138
                    0x0138                  PR9 = 0x138
                    0x013a                  _T8CON = 0x13a
                    0x013a                  T8CON = 0x13a
                    0x013c                  _T9CON = 0x13c
                    0x013c                  T9CON = 0x13c
                    0x0140                  _IC1BUF = 0x140
                    0x0140                  IC1BUF = 0x140
                    0x0142                  _IC1CON = 0x142
                    0x0142                  IC1CON = 0x142
                    0x0144                  _IC2BUF = 0x144
                    0x0144                  IC2BUF = 0x144
                    0x0146                  _IC2CON = 0x146
                    0x0146                  IC2CON = 0x146
                    0x0148                  _IC3BUF = 0x148
                    0x0148                  IC3BUF = 0x148
                    0x014a                  _IC3CON = 0x14a
                    0x014a                  IC3CON = 0x14a
                    0x014c                  _IC4BUF = 0x14c
                    0x014c                  IC4BUF = 0x14c
                    0x014e                  _IC4CON = 0x14e
                    0x014e                  IC4CON = 0x14e
                    0x0150                  _IC5BUF = 0x150
                    0x0150                  IC5BUF = 0x150
                    0x0152                  _IC5CON = 0x152
                    0x0152                  IC5CON = 0x152
                    0x0154                  _IC6BUF = 0x154
                    0x0154                  IC6BUF = 0x154
                    0x0156                  _IC6CON = 0x156
                    0x0156                  IC6CON = 0x156
                    0x0158                  _IC7BUF = 0x158
                    0x0158                  IC7BUF = 0x158
                    0x015a                  _IC7CON = 0x15a
                    0x015a                  IC7CON = 0x15a
                    0x015c                  _IC8BUF = 0x15c
                    0x015c                  IC8BUF = 0x15c
                    0x015e                  _IC8CON = 0x15e
                    0x015e                  IC8CON = 0x15e
                    0x0180                  _OC1RS = 0x180
                    0x0180                  OC1RS = 0x180
                    0x0182                  _OC1R = 0x182
                    0x0182                  OC1R = 0x182
                    0x0184                  _OC1CON = 0x184
                    0x0184                  OC1CON = 0x184
                    0x0186                  _OC2RS = 0x186
                    0x0186                  OC2RS = 0x186
                    0x0188                  _OC2R = 0x188
                    0x0188                  OC2R = 0x188
                    0x018a                  _OC2CON = 0x18a
                    0x018a                  OC2CON = 0x18a
                    0x018c                  _OC3RS = 0x18c
                    0x018c                  OC3RS = 0x18c
                    0x018e                  _OC3R = 0x18e
                    0x018e                  OC3R = 0x18e
                    0x0190                  _OC3CON = 0x190
                    0x0190                  OC3CON = 0x190
                    0x0192                  _OC4RS = 0x192
                    0x0192                  OC4RS = 0x192
                    0x0194                  _OC4R = 0x194
                    0x0194                  OC4R = 0x194
                    0x0196                  _OC4CON = 0x196
                    0x0196                  OC4CON = 0x196
                    0x0198                  _OC5RS = 0x198
                    0x0198                  OC5RS = 0x198
                    0x019a                  _OC5R = 0x19a
                    0x019a                  OC5R = 0x19a
                    0x019c                  _OC5CON = 0x19c
                    0x019c                  OC5CON = 0x19c
                    0x019e                  _OC6RS = 0x19e
                    0x019e                  OC6RS = 0x19e
                    0x01a0                  _OC6R = 0x1a0
                    0x01a0                  OC6R = 0x1a0
                    0x01a2                  _OC6CON = 0x1a2
                    0x01a2                  OC6CON = 0x1a2
                    0x01a4                  _OC7RS = 0x1a4
                    0x01a4                  OC7RS = 0x1a4
                    0x01a6                  _OC7R = 0x1a6
                    0x01a6                  OC7R = 0x1a6
                    0x01a8                  _OC7CON = 0x1a8
                    0x01a8                  OC7CON = 0x1a8
                    0x01aa                  _OC8RS = 0x1aa
                    0x01aa                  OC8RS = 0x1aa
                    0x01ac                  _OC8R = 0x1ac
                    0x01ac                  OC8R = 0x1ac
                    0x01ae                  _OC8CON = 0x1ae
                    0x01ae                  OC8CON = 0x1ae
                    0x0200                  _I2C1RCV = 0x200
                    0x0200                  I2C1RCV = 0x200
                    0x0202                  _I2C1TRN = 0x202
                    0x0202                  I2C1TRN = 0x202
                    0x0204                  _I2C1BRG = 0x204
                    0x0204                  I2C1BRG = 0x204
                    0x0206                  _I2C1CON = 0x206
                    0x0206                  I2C1CON = 0x206
                    0x0208                  _I2C1STAT = 0x208
                    0x0208                  I2C1STAT = 0x208
                    0x020a                  _I2C1ADD = 0x20a
                    0x020a                  I2C1ADD = 0x20a
                    0x0210                  _I2C2RCV = 0x210
                    0x0210                  I2C2RCV = 0x210
                    0x0212                  _I2C2TRN = 0x212
                    0x0212                  I2C2TRN = 0x212
                    0x0214                  _I2C2BRG = 0x214
                    0x0214                  I2C2BRG = 0x214
                    0x0216                  _I2C2CON = 0x216
                    0x0216                  I2C2CON = 0x216
                    0x0218                  _I2C2STAT = 0x218
                    0x0218                  I2C2STAT = 0x218
                    0x021a                  _I2C2ADD = 0x21a
                    0x021a                  I2C2ADD = 0x21a
                    0x0220                  _U1MODE = 0x220
                    0x0220                  U1MODE = 0x220
                    0x0222                  _U1STA = 0x222
                    0x0222                  U1STA = 0x222
                    0x0224                  _U1TXREG = 0x224
                    0x0224                  U1TXREG = 0x224
                    0x0226                  _U1RXREG = 0x226
                    0x0226                  U1RXREG = 0x226
                    0x0228                  _U1BRG = 0x228
                    0x0228                  U1BRG = 0x228
                    0x0230                  _U2MODE = 0x230
                    0x0230                  U2MODE = 0x230
                    0x0232                  _U2STA = 0x232
                    0x0232                  U2STA = 0x232
                    0x0234                  _U2TXREG = 0x234
                    0x0234                  U2TXREG = 0x234
                    0x0236                  _U2RXREG = 0x236
                    0x0236                  U2RXREG = 0x236
                    0x0238                  _U2BRG = 0x238
                    0x0238                  U2BRG = 0x238
                    0x0240                  _SPI1STAT = 0x240
                    0x0240                  SPI1STAT = 0x240
                    0x0242                  _SPI1CON1 = 0x242
                    0x0242                  SPI1CON1 = 0x242
                    0x0244                  _SPI1CON2 = 0x244
                    0x0244                  SPI1CON2 = 0x244
                    0x0248                  _SPI1BUF = 0x248
                    0x0248                  SPI1BUF = 0x248
                    0x0260                  _SPI2STAT = 0x260
                    0x0260                  SPI2STAT = 0x260
                    0x0262                  _SPI2CON1 = 0x262
                    0x0262                  SPI2CON1 = 0x262
                    0x0264                  _SPI2CON2 = 0x264
                    0x0264                  SPI2CON2 = 0x264
                    0x0268                  _SPI2BUF = 0x268
                    0x0268                  SPI2BUF = 0x268
                    0x0280                  _DCICON1 = 0x280
                    0x0280                  DCICON1 = 0x280
                    0x0282                  _DCICON2 = 0x282
                    0x0282                  DCICON2 = 0x282
                    0x0284                  _DCICON3 = 0x284
                    0x0284                  DCICON3 = 0x284
                    0x0286                  _DCISTAT = 0x286
                    0x0286                  DCISTAT = 0x286
                    0x0288                  _TSCON = 0x288
                    0x0288                  TSCON = 0x288
                    0x028c                  _RSCON = 0x28c
                    0x028c                  RSCON = 0x28c
                    0x0290                  _RXBUF0 = 0x290
                    0x0290                  RXBUF0 = 0x290
                    0x0292                  _RXBUF1 = 0x292
                    0x0292                  RXBUF1 = 0x292
                    0x0294                  _RXBUF2 = 0x294
                    0x0294                  RXBUF2 = 0x294
                    0x0296                  _RXBUF3 = 0x296
                    0x0296                  RXBUF3 = 0x296
                    0x0298                  _TXBUF0 = 0x298
                    0x0298                  TXBUF0 = 0x298
                    0x029a                  _TXBUF1 = 0x29a
                    0x029a                  TXBUF1 = 0x29a
                    0x029c                  _TXBUF2 = 0x29c
                    0x029c                  TXBUF2 = 0x29c
                    0x029e                  _TXBUF3 = 0x29e
                    0x029e                  TXBUF3 = 0x29e
                    0x02c0                  _TRISA = 0x2c0
                    0x02c0                  TRISA = 0x2c0
                    0x02c2                  _PORTA = 0x2c2
                    0x02c2                  PORTA = 0x2c2
                    0x02c4                  _LATA = 0x2c4
                    0x02c4                  LATA = 0x2c4
                    0x02c6                  _TRISB = 0x2c6
                    0x02c6                  TRISB = 0x2c6
                    0x02c8                  _PORTB = 0x2c8
                    0x02c8                  PORTB = 0x2c8
                    0x02ca                  _LATB = 0x2ca
                    0x02ca                  LATB = 0x2ca
                    0x02cc                  _TRISC = 0x2cc
                    0x02cc                  TRISC = 0x2cc
                    0x02ce                  _PORTC = 0x2ce
                    0x02ce                  PORTC = 0x2ce
                    0x02d0                  _LATC = 0x2d0
                    0x02d0                  LATC = 0x2d0
                    0x02d2                  _TRISD = 0x2d2
                    0x02d2                  TRISD = 0x2d2
                    0x02d4                  _PORTD = 0x2d4
                    0x02d4                  PORTD = 0x2d4
                    0x02d6                  _LATD = 0x2d6
                    0x02d6                  LATD = 0x2d6
                    0x02d8                  _TRISE = 0x2d8
                    0x02d8                  TRISE = 0x2d8
                    0x02da                  _PORTE = 0x2da
                    0x02da                  PORTE = 0x2da
                    0x02dc                  _LATE = 0x2dc
                    0x02dc                  LATE = 0x2dc
                    0x02de                  _TRISF = 0x2de
                    0x02de                  TRISF = 0x2de
                    0x02e0                  _PORTF = 0x2e0
                    0x02e0                  PORTF = 0x2e0
                    0x02e2                  _LATF = 0x2e2
                    0x02e2                  LATF = 0x2e2
                    0x02e4                  _TRISG = 0x2e4
                    0x02e4                  TRISG = 0x2e4
                    0x02e6                  _PORTG = 0x2e6
                    0x02e6                  PORTG = 0x2e6
                    0x02e8                  _LATG = 0x2e8
                    0x02e8                  LATG = 0x2e8
                    0x0300                  _ADC1BUF0 = 0x300
                    0x0300                  ADC1BUF0 = 0x300
                    0x0302                  _ADC1BUF1 = 0x302
                    0x0302                  ADC1BUF1 = 0x302
                    0x0304                  _ADC1BUF2 = 0x304
                    0x0304                  ADC1BUF2 = 0x304
                    0x0306                  _ADC1BUF3 = 0x306
                    0x0306                  ADC1BUF3 = 0x306
                    0x0308                  _ADC1BUF4 = 0x308
                    0x0308                  ADC1BUF4 = 0x308
                    0x030a                  _ADC1BUF5 = 0x30a
                    0x030a                  ADC1BUF5 = 0x30a
                    0x030c                  _ADC1BUF6 = 0x30c
                    0x030c                  ADC1BUF6 = 0x30c
                    0x030e                  _ADC1BUF7 = 0x30e
                    0x030e                  ADC1BUF7 = 0x30e
                    0x0310                  _ADC1BUF8 = 0x310
                    0x0310                  ADC1BUF8 = 0x310
                    0x0312                  _ADC1BUF9 = 0x312
                    0x0312                  ADC1BUF9 = 0x312
                    0x0314                  _ADC1BUFA = 0x314
                    0x0314                  ADC1BUFA = 0x314
                    0x0316                  _ADC1BUFB = 0x316
                    0x0316                  ADC1BUFB = 0x316
                    0x0318                  _ADC1BUFC = 0x318
                    0x0318                  ADC1BUFC = 0x318
                    0x031a                  _ADC1BUFD = 0x31a
                    0x031a                  ADC1BUFD = 0x31a
                    0x031c                  _ADC1BUFE = 0x31c
                    0x031c                  ADC1BUFE = 0x31c
                    0x031e                  _ADC1BUFF = 0x31e
                    0x031e                  ADC1BUFF = 0x31e
                    0x0320                  _AD1CON1 = 0x320
                    0x0320                  AD1CON1 = 0x320
                    0x0322                  _AD1CON2 = 0x322
                    0x0322                  AD1CON2 = 0x322
                    0x0324                  _AD1CON3 = 0x324
                    0x0324                  AD1CON3 = 0x324
                    0x0326                  _AD1CHS123 = 0x326
                    0x0326                  AD1CHS123 = 0x326
                    0x0328                  _AD1CHS0 = 0x328
                    0x0328                  AD1CHS0 = 0x328
                    0x032a                  _AD1PCFGH = 0x32a
                    0x032a                  AD1PCFGH = 0x32a
                    0x032c                  _AD1PCFGL = 0x32c
                    0x032c                  AD1PCFGL = 0x32c
                    0x032e                  _AD1CSSH = 0x32e
                    0x032e                  AD1CSSH = 0x32e
                    0x0330                  _AD1CSSL = 0x330
                    0x0330                  AD1CSSL = 0x330
                    0x0340                  _ADC2BUF0 = 0x340
                    0x0340                  ADC2BUF0 = 0x340
                    0x0342                  _ADC2BUF1 = 0x342
                    0x0342                  ADC2BUF1 = 0x342
                    0x0344                  _ADC2BUF2 = 0x344
                    0x0344                  ADC2BUF2 = 0x344
                    0x0346                  _ADC2BUF3 = 0x346
                    0x0346                  ADC2BUF3 = 0x346
                    0x0348                  _ADC2BUF4 = 0x348
                    0x0348                  ADC2BUF4 = 0x348
                    0x034a                  _ADC2BUF5 = 0x34a
                    0x034a                  ADC2BUF5 = 0x34a
                    0x034c                  _ADC2BUF6 = 0x34c
                    0x034c                  ADC2BUF6 = 0x34c
                    0x034e                  _ADC2BUF7 = 0x34e
                    0x034e                  ADC2BUF7 = 0x34e
                    0x0350                  _ADC2BUF8 = 0x350
                    0x0350                  ADC2BUF8 = 0x350
                    0x0352                  _ADC2BUF9 = 0x352
                    0x0352                  ADC2BUF9 = 0x352
                    0x0354                  _ADC2BUFA = 0x354
                    0x0354                  ADC2BUFA = 0x354
                    0x0356                  _ADC2BUFB = 0x356
                    0x0356                  ADC2BUFB = 0x356
                    0x0358                  _ADC2BUFC = 0x358
                    0x0358                  ADC2BUFC = 0x358
                    0x035a                  _ADC2BUFD = 0x35a
                    0x035a                  ADC2BUFD = 0x35a
                    0x035c                  _ADC2BUFE = 0x35c
                    0x035c                  ADC2BUFE = 0x35c
                    0x035e                  _ADC2BUFF = 0x35e
                    0x035e                  ADC2BUFF = 0x35e
                    0x0360                  _AD2CON1 = 0x360
                    0x0360                  AD2CON1 = 0x360
                    0x0362                  _AD2CON2 = 0x362
                    0x0362                  AD2CON2 = 0x362
                    0x0364                  _AD2CON3 = 0x364
                    0x0364                  AD2CON3 = 0x364
                    0x0366                  _AD2CHS123 = 0x366
                    0x0366                  AD2CHS123 = 0x366
                    0x0368                  _AD2CHS0 = 0x368
                    0x0368                  AD2CHS0 = 0x368
                    0x036c                  _AD2PCFGL = 0x36c
                    0x036c                  AD2PCFGL = 0x36c
                    0x0370                  _AD2CSSL = 0x370
                    0x0370                  AD2CSSL = 0x370
                    0x0380                  _DMACS0 = 0x380
                    0x0380                  DMACS0 = 0x380
                    0x0382                  _DMA0CON = 0x382
                    0x0382                  DMA0CON = 0x382
                    0x0384                  _DMA0STA = 0x384
                    0x0384                  DMA0STA = 0x384
                    0x0386                  _DMA0STB = 0x386
                    0x0386                  DMA0STB = 0x386
                    0x0388                  _DMA0PAD = 0x388
                    0x0388                  DMA0PAD = 0x388
                    0x038a                  _DMA0CNT = 0x38a
                    0x038a                  DMA0CNT = 0x38a
                    0x038c                  _DMA1CON = 0x38c
                    0x038c                  DMA1CON = 0x38c
                    0x038e                  _DMA1STA = 0x38e
                    0x038e                  DMA1STA = 0x38e
                    0x0390                  _DMA1STB = 0x390
                    0x0390                  DMA1STB = 0x390
                    0x0392                  _DMA1PAD = 0x392
                    0x0392                  DMA1PAD = 0x392
                    0x0394                  _DMA1CNT = 0x394
                    0x0394                  DMA1CNT = 0x394
                    0x0396                  _DMA2CON = 0x396
                    0x0396                  DMA2CON = 0x396
                    0x0398                  _DMA2STA = 0x398
                    0x0398                  DMA2STA = 0x398
                    0x039a                  _DMA2STB = 0x39a
                    0x039a                  DMA2STB = 0x39a
                    0x039c                  _DMA2PAD = 0x39c
                    0x039c                  DMA2PAD = 0x39c
                    0x039e                  _DMA2CNT = 0x39e
                    0x039e                  DMA2CNT = 0x39e
                    0x03a0                  _DMA3CON = 0x3a0
                    0x03a0                  DMA3CON = 0x3a0
                    0x03a2                  _DMA3STA = 0x3a2
                    0x03a2                  DMA3STA = 0x3a2
                    0x03a4                  _DMA3STB = 0x3a4
                    0x03a4                  DMA3STB = 0x3a4
                    0x03a6                  _DMA3PAD = 0x3a6
                    0x03a6                  DMA3PAD = 0x3a6
                    0x03a8                  _DMA3CNT = 0x3a8
                    0x03a8                  DMA3CNT = 0x3a8
                    0x03aa                  _DMA4CON = 0x3aa
                    0x03aa                  DMA4CON = 0x3aa
                    0x03ac                  _DMA4STA = 0x3ac
                    0x03ac                  DMA4STA = 0x3ac
                    0x03ae                  _DMA4STB = 0x3ae
                    0x03ae                  DMA4STB = 0x3ae
                    0x03b0                  _DMA4PAD = 0x3b0
                    0x03b0                  DMA4PAD = 0x3b0
                    0x03b2                  _DMA4CNT = 0x3b2
                    0x03b2                  DMA4CNT = 0x3b2
                    0x03b4                  _DMA5CON = 0x3b4
                    0x03b4                  DMA5CON = 0x3b4
                    0x03b6                  _DMA5STA = 0x3b6
                    0x03b6                  DMA5STA = 0x3b6
                    0x03b8                  _DMA5STB = 0x3b8
                    0x03b8                  DMA5STB = 0x3b8
                    0x03ba                  _DMA5PAD = 0x3ba
                    0x03ba                  DMA5PAD = 0x3ba
                    0x03bc                  _DMA5CNT = 0x3bc
                    0x03bc                  DMA5CNT = 0x3bc
                    0x0400                  _C1RXF0SID = 0x400
                    0x0400                  C1RXF0SID = 0x400
                    0x0402                  _C1RXF0EIDH = 0x402
                    0x0402                  C1RXF0EIDH = 0x402
                    0x0404                  _C1RXF0EIDL = 0x404
                    0x0404                  C1RXF0EIDL = 0x404
                    0x0408                  _C1RXF1SID = 0x408
                    0x0408                  C1RXF1SID = 0x408
                    0x040a                  _C1RXF1EIDH = 0x40a
                    0x040a                  C1RXF1EIDH = 0x40a
                    0x040c                  _C1RXF1EIDL = 0x40c
                    0x040c                  C1RXF1EIDL = 0x40c
                    0x0410                  _C1RXF2SID = 0x410
                    0x0410                  C1RXF2SID = 0x410
                    0x0412                  _C1RXF2EIDH = 0x412
                    0x0412                  C1RXF2EIDH = 0x412
                    0x0414                  _C1RXF2EIDL = 0x414
                    0x0414                  C1RXF2EIDL = 0x414
                    0x0418                  _C1RXF3SID = 0x418
                    0x0418                  C1RXF3SID = 0x418
                    0x041a                  _C1RXF3EIDH = 0x41a
                    0x041a                  C1RXF3EIDH = 0x41a
                    0x041c                  _C1RXF3EIDL = 0x41c
                    0x041c                  C1RXF3EIDL = 0x41c
                    0x0420                  _C1RXF4SID = 0x420
                    0x0420                  C1RXF4SID = 0x420
                    0x0422                  _C1RXF4EIDH = 0x422
                    0x0422                  C1RXF4EIDH = 0x422
                    0x0424                  _C1RXF4EIDL = 0x424
                    0x0424                  C1RXF4EIDL = 0x424
                    0x0428                  _C1RXF5SID = 0x428
                    0x0428                  C1RXF5SID = 0x428
                    0x042a                  _C1RXF5EIDH = 0x42a
                    0x042a                  C1RXF5EIDH = 0x42a
                    0x042c                  _C1RXF5EIDL = 0x42c
                    0x042c                  C1RXF5EIDL = 0x42c
                    0x0430                  _C1RXM0SID = 0x430
                    0x0430                  C1RXM0SID = 0x430
                    0x0432                  _C1RXM0EIDH = 0x432
                    0x0432                  C1RXM0EIDH = 0x432
                    0x0434                  _C1RXM0EIDL = 0x434
                    0x0434                  C1RXM0EIDL = 0x434
                    0x0438                  _C1RXM1SID = 0x438
                    0x0438                  C1RXM1SID = 0x438
                    0x043a                  _C1RXM1EIDH = 0x43a
                    0x043a                  C1RXM1EIDH = 0x43a
                    0x043c                  _C1RXM1EIDL = 0x43c
                    0x043c                  C1RXM1EIDL = 0x43c
                    0x0440                  _C1TX2SID = 0x440
                    0x0440                  C1TX2SID = 0x440
                    0x0442                  _C1TX2EID = 0x442
                    0x0442                  C1TX2EID = 0x442
                    0x0444                  _C1TX2DLC = 0x444
                    0x0444                  C1TX2DLC = 0x444
                    0x0446                  _C1TX2B1 = 0x446
                    0x0446                  C1TX2B1 = 0x446
                    0x0448                  _C1TX2B2 = 0x448
                    0x0448                  C1TX2B2 = 0x448
                    0x044a                  _C1TX2B3 = 0x44a
                    0x044a                  C1TX2B3 = 0x44a
                    0x044c                  _C1TX2B4 = 0x44c
                    0x044c                  C1TX2B4 = 0x44c
                    0x044e                  _C1TX2CON = 0x44e
                    0x044e                  C1TX2CON = 0x44e
                    0x0450                  _C1TX1SID = 0x450
                    0x0450                  C1TX1SID = 0x450
                    0x0452                  _C1TX1EID = 0x452
                    0x0452                  C1TX1EID = 0x452
                    0x0454                  _C1TX1DLC = 0x454
                    0x0454                  C1TX1DLC = 0x454
                    0x0456                  _C1TX1B1 = 0x456
                    0x0456                  C1TX1B1 = 0x456
                    0x0458                  _C1TX1B2 = 0x458
                    0x0458                  C1TX1B2 = 0x458
                    0x045a                  _C1TX1B3 = 0x45a
                    0x045a                  C1TX1B3 = 0x45a
                    0x045c                  _C1TX1B4 = 0x45c
                    0x045c                  C1TX1B4 = 0x45c
                    0x045e                  _C1TX1CON = 0x45e
                    0x045e                  C1TX1CON = 0x45e
                    0x0460                  _C1TX0SID = 0x460
                    0x0460                  C1TX0SID = 0x460
                    0x0462                  _C1TX0EID = 0x462
                    0x0462                  C1TX0EID = 0x462
                    0x0464                  _C1TX0DLC = 0x464
                    0x0464                  C1TX0DLC = 0x464
                    0x0466                  _C1TX0B1 = 0x466
                    0x0466                  C1TX0B1 = 0x466
                    0x0468                  _C1TX0B2 = 0x468
                    0x0468                  C1TX0B2 = 0x468
                    0x046a                  _C1TX0B3 = 0x46a
                    0x046a                  C1TX0B3 = 0x46a
                    0x046c                  _C1TX0B4 = 0x46c
                    0x046c                  C1TX0B4 = 0x46c
                    0x046e                  _C1TX0CON = 0x46e
                    0x046e                  C1TX0CON = 0x46e
                    0x0470                  _C1RX1SID = 0x470
                    0x0470                  C1RX1SID = 0x470
                    0x0472                  _C1RX1EID = 0x472
                    0x0472                  C1RX1EID = 0x472
                    0x0474                  _C1RX1DLC = 0x474
                    0x0474                  C1RX1DLC = 0x474
                    0x0476                  _C1RX1B1 = 0x476
                    0x0476                  C1RX1B1 = 0x476
                    0x0478                  _C1RX1B2 = 0x478
                    0x0478                  C1RX1B2 = 0x478
                    0x047a                  _C1RX1B3 = 0x47a
                    0x047a                  C1RX1B3 = 0x47a
                    0x047c                  _C1RX1B4 = 0x47c
                    0x047c                  C1RX1B4 = 0x47c
                    0x047e                  _C1RX1CON = 0x47e
                    0x047e                  C1RX1CON = 0x47e
                    0x0480                  _C1RX0SID = 0x480
                    0x0480                  C1RX0SID = 0x480
                    0x0482                  _C1RX0EID = 0x482
                    0x0482                  C1RX0EID = 0x482
                    0x0484                  _C1RX0DLC = 0x484
                    0x0484                  C1RX0DLC = 0x484
                    0x0486                  _C1RX0B1 = 0x486
                    0x0486                  C1RX0B1 = 0x486
                    0x0488                  _C1RX0B2 = 0x488
                    0x0488                  C1RX0B2 = 0x488
                    0x048a                  _C1RX0B3 = 0x48a
                    0x048a                  C1RX0B3 = 0x48a
                    0x048c                  _C1RX0B4 = 0x48c
                    0x048c                  C1RX0B4 = 0x48c
                    0x048e                  _C1RX0CON = 0x48e
                    0x048e                  C1RX0CON = 0x48e
                    0x0490                  _C1CTRL = 0x490
                    0x0490                  C1CTRL = 0x490
                    0x0492                  _C1CFG1 = 0x492
                    0x0492                  C1CFG1 = 0x492
                    0x0494                  _C1CFG2 = 0x494
                    0x0494                  C1CFG2 = 0x494
                    0x0496                  _C1INTF = 0x496
                    0x0496                  C1INTF = 0x496
                    0x0498                  _C1INTE = 0x498
                    0x0498                  C1INTE = 0x498
                    0x049a                  _C1EC = 0x49a
                    0x049a                  C1EC = 0x49a
                    0x049a                  _C1RERRCNT = 0x49a
                    0x049a                  C1RERRCNT = 0x49a
                    0x049b                  _C1TERRCNT = 0x49b
                    0x049b                  C1TERRCNT = 0x49b
                    0x04c0                  _C2RXF0SID = 0x4c0
                    0x04c0                  C2RXF0SID = 0x4c0
                    0x04c2                  _C2RXF0EIDH = 0x4c2
                    0x04c2                  C2RXF0EIDH = 0x4c2
                    0x04c4                  _C2RXF0EIDL = 0x4c4
                    0x0504                  C2RXF0EIDL = 0x504
                    0x04c8                  _C2RXF1SID = 0x4c8
                    0x04c8                  C2RXF1SID = 0x4c8
                    0x04ca                  _C2RXF1EIDH = 0x4ca
                    0x04ca                  C2RXF1EIDH = 0x4ca
                    0x04cc                  _C2RXF1EIDL = 0x4cc
                    0x04cc                  C2RXF1EIDL = 0x4cc
                    0x04d0                  _C2RXF2SID = 0x4d0
                    0x04d0                  C2RXF2SID = 0x4d0
                    0x04d2                  _C2RXF2EIDH = 0x4d2
                    0x04d2                  C2RXF2EIDH = 0x4d2
                    0x04d4                  _C2RXF2EIDL = 0x4d4
                    0x04d4                  C2RXF2EIDL = 0x4d4
                    0x04d8                  _C2RXF3SID = 0x4d8
                    0x04d8                  C2RXF3SID = 0x4d8
                    0x04da                  _C2RXF3EIDH = 0x4da
                    0x04da                  C2RXF3EIDH = 0x4da
                    0x04dc                  _C2RXF3EIDL = 0x4dc
                    0x04dc                  C2RXF3EIDL = 0x4dc
                    0x04e0                  _C2RXF4SID = 0x4e0
                    0x04e0                  C2RXF4SID = 0x4e0
                    0x04e2                  _C2RXF4EIDH = 0x4e2
                    0x04e2                  C2RXF4EIDH = 0x4e2
                    0x04e4                  _C2RXF4EIDL = 0x4e4
                    0x04e4                  C2RXF4EIDL = 0x4e4